{"time":"2026-09-07T02:39:15.07944418Z","level":"INFO","msg":"http server starting","component":"atlas","addr":":8081"}
{"time":"2026-09-07T02:39:15.99633512Z","level":"INFO","msg":"http_request","component":"atlas","method":"GET","path":"/healthz/ready","status":200,"duration_ms":0}
{"time":"2026-09-07T02:39:16.020777023Z","level":"INFO","msg":"http_request","component":"atlas","method":"POST","path":"/v1/services","status":201,"duration_ms":4}
{"time":"2026-09-07T02:39:16.029919737Z","level":"INFO","msg":"http_request","component":"atlas","method":"POST","path":"/v1/provider-accounts","status":201,"duration_ms":2}
{"time":"2026-09-07T02:39:16.037882249Z","level":"INFO","msg":"http_request","component":"atlas","method":"POST","path":"/v1/provider-accounts","status":201,"duration_ms":2}
{"time":"2026-09-07T02:39:16.047142553Z","level":"INFO","msg":"http_request","component":"atlas","method":"POST","path":"/v1/provider-accounts","status":201,"duration_ms":2}
{"time":"2026-09-07T02:39:16.056563009Z","level":"INFO","msg":"http_request","component":"atlas","method":"POST","path":"/v1/credential-bindings","status":201,"duration_ms":3}
{"time":"2026-09-07T02:39:16.064946399Z","level":"INFO","msg":"http_request","component":"atlas","method":"POST","path":"/v1/credential-bindings","status":201,"duration_ms":2}
{"time":"2026-09-07T02:39:16.07252509Z","level":"INFO","msg":"http_request","component":"atlas","method":"POST","path":"/v1/credential-bindings","status":201,"duration_ms":2}
{"time":"2026-09-07T02:39:16.081151005Z","level":"INFO","msg":"http_request","component":"atlas","method":"POST","path":"/v1/contracts","status":201,"duration_ms":2}
{"time":"2026-09-07T02:39:16.089437895Z","level":"INFO","msg":"http_request","component":"atlas","method":"POST","path":"/v1/contracts","status":201,"duration_ms":2}
{"time":"2026-09-07T02:40:15.773201963Z","level":"INFO","msg":"http_request","component":"atlas","method":"GET","path":"/healthz/ready","status":200,"duration_ms":0}
{"time":"2026-09-07T02:40:15.793212747Z","level":"INFO","msg":"http_request","component":"atlas","method":"POST","path":"/v1/services","status":201,"duration_ms":2}
{"time":"2026-09-07T02:40:15.802226619Z","level":"INFO","msg":"http_request","component":"atlas","method":"POST","path":"/v1/services","status":201,"duration_ms":2}
{"time":"2026-09-07T02:40:15.810024221Z","level":"INFO","msg":"http_request","component":"atlas","method":"POST","path":"/v1/provider-accounts","status":201,"duration_ms":2}
{"time":"2026-09-07T02:40:15.818532306Z","level":"INFO","msg":"http_request","component":"atlas","method":"POST","path":"/v1/provider-accounts","status":201,"duration_ms":2}
{"time":"2026-09-07T02:40:15.826008976Z","level":"INFO","msg":"http_request","component":"atlas","method":"POST","path":"/v1/provider-accounts","status":201,"duration_ms":1}
{"time":"2026-09-07T02:40:15.833176687Z","level":"INFO","msg":"http_request","component":"atlas","method":"POST","path":"/v1/provider-accounts","status":201,"duration_ms":2}
{"time":"2026-09-07T02:40:15.841462995Z","level":"INFO","msg":"http_request","component":"atlas","method":"POST","path":"/v1/credential-bindings","status":201,"duration_ms":2}
{"time":"2026-09-07T02:40:15.848745862Z","level":"INFO","msg":"http_request","component":"atlas","method":"POST","path":"/v1/credential-bindings","status":201,"duration_ms":2}
{"time":"2026-09-07T02:40:15.856107656Z","level":"INFO","msg":"http_request","component":"atlas","method":"POST","path":"/v1/credential-bindings","status":201,"duration_ms":2}
{"time":"2026-09-07T02:40:15.86439695Z","level":"INFO","msg":"http_request","component":"atlas","method":"POST","path":"/v1/credential-bindings","status":201,"duration_ms":2}
{"time":"2026-09-07T02:40:15.87170241Z","level":"INFO","msg":"http_request","component":"atlas","method":"POST","path":"/v1/contracts","status":201,"duration_ms":2}
{"time":"2026-09-07T02:40:15.878640159Z","level":"INFO","msg":"http_request","component":"atlas","method":"POST","path":"/v1/contracts","status":201,"duration_ms":2}
{"time":"2026-09-07T02:40:15.887645466Z","level":"INFO","msg":"http_request","component":"atlas","method":"POST","path":"/v1/contracts","status":201,"duration_ms":3}
{"time":"2026-09-07T02:40:15.896429227Z","level":"INFO","msg":"http_request","component":"atlas","method":"POST","path":"/v1/credential-bindings","status":201,"duration_ms":3}
{"time":"2026-09-07T02:41:00.956850781Z","level":"INFO","msg":"http_request","component":"atlas","method":"GET","path":"/v1/contracts/acme","status":200,"duration_ms":0}
{"time":"2026-09-07T02:41:00.962831977Z","level":"INFO","msg":"http_request","component":"atlas","method":"GET","path":"/v1/credentials/resolve","status":200,"duration_ms":1}
{"time":"2026-09-07T02:41:00.966217144Z","level":"INFO","msg":"http_request","component":"atlas","method":"GET","path":"/v1/provider-accounts/prov-sync-1","status":200,"duration_ms":0}
{"time":"2026-09-07T02:41:00.997117388Z","level":"INFO","msg":"http_request","component":"atlas","method":"GET","path":"/v1/credentials/resolve","status":200,"duration_ms":0}
{"time":"2026-09-07T02:41:01.032771957Z","level":"INFO","msg":"http_request","component":"atlas","method":"GET","path":"/v1/credentials/resolve","status":200,"duration_ms":0}
{"time":"2026-09-07T02:41:01.03689077Z","level":"INFO","msg":"http_request","component":"atlas","method":"GET","path":"/v1/provider-accounts/prov-poll-1","status":200,"duration_ms":0}
{"time":"2026-09-07T02:41:01.056882188Z","level":"INFO","msg":"http_request","component":"atlas","method":"GET","path":"/v1/credentials/resolve","status":200,"duration_ms":1}
{"time":"2026-09-07T02:41:01.061462527Z","level":"INFO","msg":"http_request","component":"atlas","method":"GET","path":"/v1/provider-accounts/prov-poll-2","status":200,"duration_ms":0}
{"time":"2026-09-07T02:41:01.078593581Z","level":"INFO","msg":"http_request","component":"atlas","method":"GET","path":"/v1/credentials/resolve","status":200,"duration_ms":0}
{"time":"2026-09-07T02:41:01.0814194Z","level":"INFO","msg":"http_request","component":"atlas","method":"GET","path":"/v1/provider-accounts/prov-callback-1","status":200,"duration_ms":0}
{"time":"2026-09-07T02:41:01.086813625Z","level":"INFO","msg":"http_request","component":"atlas","method":"GET","path":"/v1/contracts/acme-strict","status":200,"duration_ms":0}
{"time":"2026-09-07T02:41:01.0948102Z","level":"INFO","msg":"http_request","component":"atlas","method":"GET","path":"/v1/credentials/resolve","status":200,"duration_ms":0}
{"time":"2026-09-07T02:41:01.101893202Z","level":"INFO","msg":"http_request","component":"atlas","method":"GET","path":"/v1/credentials/resolve","status":200,"duration_ms":0}
{"time":"2026-09-07T02:41:01.127208062Z","level":"INFO","msg":"http_request","component":"atlas","method":"GET","path":"/v1/contracts/acme-dedicated","status":200,"duration_ms":0}
{"time":"2026-09-07T02:41:01.131341864Z","level":"INFO","msg":"http_request","component":"atlas","method":"GET","path":"/v1/credentials/resolve","status":200,"duration_ms":0}
{"time":"2026-09-07T02:41:01.156937651Z","level":"INFO","msg":"http_request","component":"atlas","method":"POST","path":"/v1/provider-accounts","status":201,"duration_ms":2}
{"time":"2026-09-07T02:41:01.168675982Z","level":"INFO","msg":"http_request","component":"atlas","method":"GET","path":"/v1/credentials/resolve","status":409,"duration_ms":0}
{"time":"2026-09-07T02:41:01.949224135Z","level":"INFO","msg":"http_request","component":"atlas","method":"GET","path":"/v1/contracts/acme","status":200,"duration_ms":0}
{"time":"2026-09-07T02:41:02.057071388Z","level":"INFO","msg":"http_request","component":"atlas","method":"GET","path":"/v1/contracts/acme-dedicated","status":200,"duration_ms":0}
{"time":"2026-09-07T02:41:02.072978587Z","level":"INFO","msg":"http_request","component":"atlas","method":"GET","path":"/v1/contracts/acme-strict","status":200,"duration_ms":0}
{"time":"2026-09-07T02:42:20.385536354Z","level":"INFO","msg":"http_request","component":"atlas","method":"GET","path":"/v1/contracts/acme","status":200,"duration_ms":0}
{"time":"2026-09-07T02:42:51.833930082Z","level":"INFO","msg":"http_request","component":"atlas","method":"GET","path":"/v1/contracts/acme","status":200,"duration_ms":0}
{"time":"2026-09-07T02:42:58.670530121Z","level":"INFO","msg":"http_request","component":"atlas","method":"GET","path":"/v1/contracts/acme","status":200,"duration_ms":0}
{"time":"2026-09-07T02:43:29.832805217Z","level":"INFO","msg":"http_request","component":"atlas","method":"GET","path":"/v1/contracts/acme","status":200,"duration_ms":0}
