{"time":"2026-09-07T02:39:15.820647824Z","level":"INFO","msg":"http server starting","component":"cometa","addr":":8082"}
{"time":"2026-09-07T02:39:16.009458138Z","level":"INFO","msg":"http_request","component":"cometa","method":"GET","path":"/healthz/ready","status":200,"duration_ms":0}
{"time":"2026-09-07T02:40:15.785262168Z","level":"INFO","msg":"http_request","component":"cometa","method":"GET","path":"/healthz/ready","status":200,"duration_ms":0}
{"time":"2026-09-07T02:41:00.960284279Z","level":"DEBUG","msg":"comando recebido para execucao","component":"cometa","trace_id":"01a079bd-8e17-7e64-ac56-d2c41919dd06","protocol_id":"01a079bd-8e1d-71a5-a5f2-d50f7a37486f","operation_id":"01a079bd-8e1d-71a9-b25c-dcd2afe6544d","dispatch_mode":"DIRECT","provider_account_id":"prov-sync-1"}
{"time":"2026-09-07T02:41:00.963152528Z","level":"DEBUG","msg":"credencial resolvida (SEG-05)","component":"cometa","trace_id":"01a079bd-8e17-7e64-ac56-d2c41919dd06","binding_id":"bind-shared-prov-sync-1","credential_mode":"SHARED_HUB","settlement_party":"HUB"}
{"time":"2026-09-07T02:41:00.970190074Z","level":"DEBUG","msg":"enviando chamada ao provedor","component":"cometa","trace_id":"01a079bd-8e17-7e64-ac56-d2c41919dd06","operation_id":"01a079bd-8e1d-71a9-b25c-dcd2afe6544d","provider_base_url":"http://provider-sim:8090","provider_mode":"sync","attempt_id":"01a079bd-8e26-754e-8b1a-ecd79decba83"}
{"time":"2026-09-07T02:41:00.975919578Z","level":"INFO","msg":"operacao finalizada","component":"cometa","trace_id":"01a079bd-8e17-7e64-ac56-d2c41919dd06","protocol_id":"01a079bd-8e1d-71a5-a5f2-d50f7a37486f","operation_id":"01a079bd-8e1d-71a9-b25c-dcd2afe6544d","kind":"SUCCEEDED"}
{"time":"2026-09-07T02:41:00.978051416Z","level":"INFO","msg":"http_request","component":"cometa","method":"POST","path":"/internal/commands/direct","status":200,"duration_ms":17}
{"time":"2026-09-07T02:41:00.995473275Z","level":"DEBUG","msg":"comando recebido para execucao","component":"cometa","trace_id":"01a079bd-8e40-7200-a8fc-b7305154d8ad","protocol_id":"01a079bd-8e41-719e-b0c0-525c2e683cca","operation_id":"01a079bd-8e41-71a1-8e09-2b659ed23add","dispatch_mode":"DIRECT","provider_account_id":"prov-sync-1"}
{"time":"2026-09-07T02:41:00.997297506Z","level":"DEBUG","msg":"credencial resolvida (SEG-05)","component":"cometa","trace_id":"01a079bd-8e40-7200-a8fc-b7305154d8ad","binding_id":"bind-shared-prov-sync-1","credential_mode":"SHARED_HUB","settlement_party":"HUB"}
{"time":"2026-09-07T02:41:01.001155751Z","level":"DEBUG","msg":"enviando chamada ao provedor","component":"cometa","trace_id":"01a079bd-8e40-7200-a8fc-b7305154d8ad","operation_id":"01a079bd-8e41-71a1-8e09-2b659ed23add","provider_base_url":"http://provider-sim:8090","provider_mode":"sync","attempt_id":"01a079bd-8e47-7562-85db-272e65c4c5a4"}
{"time":"2026-09-07T02:41:01.006571306Z","level":"INFO","msg":"operacao finalizada","component":"cometa","trace_id":"01a079bd-8e40-7200-a8fc-b7305154d8ad","protocol_id":"01a079bd-8e41-719e-b0c0-525c2e683cca","operation_id":"01a079bd-8e41-71a1-8e09-2b659ed23add","kind":"FAILED"}
{"time":"2026-09-07T02:41:01.008664111Z","level":"INFO","msg":"http_request","component":"cometa","method":"POST","path":"/internal/commands/direct","status":200,"duration_ms":13}
{"time":"2026-09-07T02:41:01.031116162Z","level":"DEBUG","msg":"comando recebido para execucao","component":"cometa","trace_id":"01a079bd-8e5c-7498-9b83-158fb6e190a4","protocol_id":"01a079bd-8e5d-745c-8fc6-e0aee94b9c13","operation_id":"01a079bd-8e5d-745e-b316-5265eb5618dd","dispatch_mode":"QUEUED","provider_account_id":"prov-poll-1"}
{"time":"2026-09-07T02:41:01.032921598Z","level":"DEBUG","msg":"credencial resolvida (SEG-05)","component":"cometa","trace_id":"01a079bd-8e5c-7498-9b83-158fb6e190a4","binding_id":"bind-shared-prov-poll-1","credential_mode":"SHARED_HUB","settlement_party":"HUB"}
{"time":"2026-09-07T02:41:01.041041685Z","level":"DEBUG","msg":"enviando chamada ao provedor","component":"cometa","trace_id":"01a079bd-8e5c-7498-9b83-158fb6e190a4","operation_id":"01a079bd-8e5d-745e-b316-5265eb5618dd","provider_base_url":"http://provider-sim:8090","provider_mode":"async_poll","attempt_id":"01a079bd-8e6d-7483-86a5-4754cbfd451e"}
{"time":"2026-09-07T02:41:01.054784054Z","level":"DEBUG","msg":"comando recebido para execucao","component":"cometa","trace_id":"01a079bd-8e6f-7779-83e5-1f332bc5ea31","protocol_id":"01a079bd-8e70-75dc-a5da-7d49134681fe","operation_id":"01a079bd-8e70-75df-8c6a-b5b38ef3cf44","dispatch_mode":"QUEUED","provider_account_id":"prov-poll-2"}
{"time":"2026-09-07T02:41:01.057132598Z","level":"DEBUG","msg":"credencial resolvida (SEG-05)","component":"cometa","trace_id":"01a079bd-8e6f-7779-83e5-1f332bc5ea31","binding_id":"bind-shared-prov-poll-2","credential_mode":"SHARED_HUB","settlement_party":"HUB"}
{"time":"2026-09-07T02:41:01.063834946Z","level":"DEBUG","msg":"enviando chamada ao provedor","component":"cometa","trace_id":"01a079bd-8e6f-7779-83e5-1f332bc5ea31","operation_id":"01a079bd-8e70-75df-8c6a-b5b38ef3cf44","provider_base_url":"http://provider-sim:8090","provider_mode":"async_poll","attempt_id":"01a079bd-8e85-79a8-b04e-bf21993f9960"}
{"time":"2026-09-07T02:41:01.076985435Z","level":"DEBUG","msg":"comando recebido para execucao","component":"cometa","trace_id":"01a079bd-8e80-70c5-8ff3-8485af68ceef","protocol_id":"01a079bd-8e81-7261-b12f-ca2159f88bdc","operation_id":"01a079bd-8e81-7266-b2e8-ce2e8807d8a6","dispatch_mode":"QUEUED","provider_account_id":"prov-callback-1"}
{"time":"2026-09-07T02:41:01.078756988Z","level":"DEBUG","msg":"credencial resolvida (SEG-05)","component":"cometa","trace_id":"01a079bd-8e80-70c5-8ff3-8485af68ceef","binding_id":"bind-shared-prov-callback-1","credential_mode":"SHARED_HUB","settlement_party":"HUB"}
{"time":"2026-09-07T02:41:01.083558271Z","level":"DEBUG","msg":"enviando chamada ao provedor","component":"cometa","trace_id":"01a079bd-8e80-70c5-8ff3-8485af68ceef","operation_id":"01a079bd-8e81-7266-b2e8-ce2e8807d8a6","provider_base_url":"http://provider-sim:8090","provider_mode":"async_callback","attempt_id":"01a079bd-8e99-78dd-91fc-f6a1687792bd"}
{"time":"2026-09-07T02:41:01.09332234Z","level":"DEBUG","msg":"comando recebido para execucao","component":"cometa","trace_id":"01a079bd-8e8f-7252-b756-49923cd37558","protocol_id":"01a079bd-8e8f-7d2d-bd88-fe3e203b0779","operation_id":"01a079bd-8e8f-7d2f-bb1b-09c8429ab342","dispatch_mode":"QUEUED","provider_account_id":"prov-poll-1"}
{"time":"2026-09-07T02:41:01.094940545Z","level":"DEBUG","msg":"credencial resolvida (SEG-05)","component":"cometa","trace_id":"01a079bd-8e8f-7252-b756-49923cd37558","binding_id":"bind-shared-prov-poll-1","credential_mode":"SHARED_HUB","settlement_party":"HUB"}
{"time":"2026-09-07T02:41:01.098083308Z","level":"DEBUG","msg":"enviando chamada ao provedor","component":"cometa","trace_id":"01a079bd-8e8f-7252-b756-49923cd37558","operation_id":"01a079bd-8e8f-7d2f-bb1b-09c8429ab342","provider_base_url":"http://provider-sim:8090","provider_mode":"async_poll","attempt_id":"01a079bd-8ea8-74fb-ad49-b52997dba1a1"}
{"time":"2026-09-07T02:41:01.100486154Z","level":"DEBUG","msg":"comando recebido para execucao","component":"cometa","trace_id":"01a079bd-8e9d-77c2-b230-1198e9c94bd2","protocol_id":"01a079bd-8e9e-7f08-a978-f167d32e7d5d","operation_id":"01a079bd-8e9e-7f0b-9c31-de1e6574d422","dispatch_mode":"DIRECT","provider_account_id":"prov-sync-1"}
{"time":"2026-09-07T02:41:01.102017165Z","level":"DEBUG","msg":"credencial resolvida (SEG-05)","component":"cometa","trace_id":"01a079bd-8e9d-77c2-b230-1198e9c94bd2","binding_id":"bind-shared-prov-sync-1","credential_mode":"SHARED_HUB","settlement_party":"HUB"}
{"time":"2026-09-07T02:41:01.106010293Z","level":"DEBUG","msg":"enviando chamada ao provedor","component":"cometa","trace_id":"01a079bd-8e9d-77c2-b230-1198e9c94bd2","operation_id":"01a079bd-8e9e-7f0b-9c31-de1e6574d422","provider_base_url":"http://provider-sim:8090","provider_mode":"sync","attempt_id":"01a079bd-8eaf-77b5-8120-b2c70b908ddd"}
{"time":"2026-09-07T02:41:01.111538469Z","level":"INFO","msg":"operacao finalizada","component":"cometa","trace_id":"01a079bd-8e9d-77c2-b230-1198e9c94bd2","protocol_id":"01a079bd-8e9e-7f08-a978-f167d32e7d5d","operation_id":"01a079bd-8e9e-7f0b-9c31-de1e6574d422","kind":"SUCCEEDED"}
{"time":"2026-09-07T02:41:01.114025483Z","level":"INFO","msg":"http_request","component":"cometa","method":"POST","path":"/internal/commands/direct","status":200,"duration_ms":13}
{"time":"2026-09-07T02:41:01.129853373Z","level":"DEBUG","msg":"comando recebido para execucao","component":"cometa","trace_id":"01a079bd-8ec5-7d3f-945e-7b8dd19099d0","protocol_id":"01a079bd-8ec7-75d2-afed-892e86ec0cb1","operation_id":"01a079bd-8ec7-75d5-ba22-5582e77d2d97","dispatch_mode":"DIRECT","provider_account_id":"prov-sync-1"}
{"time":"2026-09-07T02:41:01.131511903Z","level":"DEBUG","msg":"credencial resolvida (SEG-05)","component":"cometa","trace_id":"01a079bd-8ec5-7d3f-945e-7b8dd19099d0","binding_id":"bind-dedicated-acme","credential_mode":"TENANT_DEDICATED","settlement_party":"HUB"}
{"time":"2026-09-07T02:41:01.135317028Z","level":"DEBUG","msg":"enviando chamada ao provedor","component":"cometa","trace_id":"01a079bd-8ec5-7d3f-945e-7b8dd19099d0","operation_id":"01a079bd-8ec7-75d5-ba22-5582e77d2d97","provider_base_url":"http://provider-sim:8090","provider_mode":"sync","attempt_id":"01a079bd-8ecd-7552-8a84-8fd83b7ebc03"}
{"time":"2026-09-07T02:41:01.141953823Z","level":"INFO","msg":"operacao finalizada","component":"cometa","trace_id":"01a079bd-8ec5-7d3f-945e-7b8dd19099d0","protocol_id":"01a079bd-8ec7-75d2-afed-892e86ec0cb1","operation_id":"01a079bd-8ec7-75d5-ba22-5582e77d2d97","kind":"SUCCEEDED"}
{"time":"2026-09-07T02:41:01.144076443Z","level":"INFO","msg":"http_request","component":"cometa","method":"POST","path":"/internal/commands/direct","status":200,"duration_ms":14}
{"time":"2026-09-07T02:41:01.167016831Z","level":"DEBUG","msg":"comando recebido para execucao","component":"cometa","trace_id":"01a079bd-8eeb-7e80-92a5-b47759e15bd9","protocol_id":"01a079bd-8eec-7d4a-a634-94c6e7179052","operation_id":"01a079bd-8eec-7d4e-8192-bc6ae86c2b1c","dispatch_mode":"DIRECT","provider_account_id":"prov-nocred-evid"}
{"time":"2026-09-07T02:41:01.16886156Z","level":"WARN","msg":"credencial indisponivel, recusando antes do envio (SEG-05)","component":"cometa","trace_id":"01a079bd-8eeb-7e80-92a5-b47759e15bd9","tenant_id":"acme","provider_account_id":"prov-nocred-evid","error":"atlasclient: credencial indisponivel para tenant=acme provider_account=prov-nocred-evid, sem fallback"}
{"time":"2026-09-07T02:41:01.170996604Z","level":"INFO","msg":"http_request","component":"cometa","method":"POST","path":"/internal/commands/direct","status":200,"duration_ms":4}
{"time":"2026-09-07T02:41:03.59087891Z","level":"INFO","msg":"operacao finalizada","component":"cometa","trace_id":"","protocol_id":"01a079bd-8e81-7261-b12f-ca2159f88bdc","operation_id":"01a079bd-8e81-7266-b2e8-ce2e8807d8a6","kind":"SUCCEEDED"}
{"time":"2026-09-07T02:41:03.5927127Z","level":"INFO","msg":"http_request","component":"cometa","method":"POST","path":"/internal/callbacks/01a079bd-8e81-7266-b2e8-ce2e8807d8a6","status":200,"duration_ms":6}
{"time":"2026-09-07T02:41:03.83094561Z","level":"INFO","msg":"operacao finalizada","component":"cometa","trace_id":"","protocol_id":"01a079bd-8e5d-745c-8fc6-e0aee94b9c13","operation_id":"01a079bd-8e5d-745e-b316-5265eb5618dd","kind":"SUCCEEDED"}
{"time":"2026-09-07T02:41:03.837378072Z","level":"INFO","msg":"operacao finalizada","component":"cometa","trace_id":"","protocol_id":"01a079bd-8e70-75dc-a5da-7d49134681fe","operation_id":"01a079bd-8e70-75df-8c6a-b5b38ef3cf44","kind":"SUCCEEDED"}
{"time":"2026-09-07T02:41:03.843622802Z","level":"INFO","msg":"operacao finalizada","component":"cometa","trace_id":"","protocol_id":"01a079bd-8e8f-7d2d-bd88-fe3e203b0779","operation_id":"01a079bd-8e8f-7d2f-bb1b-09c8429ab342","kind":"SUCCEEDED"}
{"time":"2026-09-07T02:42:22.968053591Z","level":"INFO","msg":"http server starting","component":"cometa","addr":":8082"}
{"time":"2026-09-07T02:42:50.749047226Z","level":"DEBUG","msg":"comando recebido para execucao","component":"cometa","trace_id":"01a079be-c45f-773f-b3e6-7e4315b2af73","protocol_id":"01a079be-c461-7a14-9359-256de7993dbd","operation_id":"01a079be-c461-7a18-afe3-d21c84b8e4da","dispatch_mode":"QUEUED","provider_account_id":"prov-poll-1"}
{"time":"2026-09-07T02:42:50.749137285Z","level":"WARN","msg":"credencial indisponivel, recusando antes do envio (SEG-05)","component":"cometa","trace_id":"01a079be-c45f-773f-b3e6-7e4315b2af73","tenant_id":"acme","provider_account_id":"prov-poll-1","error":"Get \"http://atlas:8081/v1/credentials/resolve?provider_account_id=prov-poll-1&tenant_id=acme\": context deadline exceeded"}
{"time":"2026-09-07T02:44:26.196713483Z","level":"INFO","msg":"http server starting","component":"cometa","addr":":8082"}
{"time":"2026-09-07T02:44:56.749250422Z","level":"DEBUG","msg":"comando recebido para execucao","component":"cometa","trace_id":"01a079bf-59ed-70cd-ae7f-be969525720b","protocol_id":"01a079bf-59ee-79fe-b71a-858c1256534b","operation_id":"01a079bf-59ee-7a01-89cf-80de3a554c62","dispatch_mode":"QUEUED","provider_account_id":"prov-poll-1"}
{"time":"2026-09-07T02:44:56.749294464Z","level":"WARN","msg":"credencial indisponivel, recusando antes do envio (SEG-05)","component":"cometa","trace_id":"01a079bf-59ed-70cd-ae7f-be969525720b","tenant_id":"acme","provider_account_id":"prov-poll-1","error":"Get \"http://atlas:8081/v1/credentials/resolve?provider_account_id=prov-poll-1&tenant_id=acme\": context deadline exceeded"}
{"time":"2026-09-07T02:46:25.427560993Z","level":"ERROR","msg":"outbox: falha ao buscar pendentes","component":"cometa","error":"outbox: buscar pendentes: dial tcp: lookup postgres on 127.0.0.11:53: no such host","aggregate_type":"operation"}
