libra-1  | {"time":"2026-09-07T03:23:37.262862167Z","level":"DEBUG","msg":"libra: fato de protocolo recebido","component":"libra","trace_id":"01a079e4-8f30-791d-ab41-dc1e898f8004","protocol_id":"01a079e4-8f33-7c24-b1cb-52138b456908","status":"SUCCEEDED"}
libra-1  | {"time":"2026-09-07T03:23:37.283121327Z","level":"INFO","msg":"libra: receita registrada","component":"libra","trace_id":"01a079e4-8f30-791d-ab41-dc1e898f8004","protocol_id":"01a079e4-8f33-7c24-b1cb-52138b456908","amount":1}
libra-1  | {"time":"2026-09-07T03:23:37.291906611Z","level":"DEBUG","msg":"libra: fato de protocolo recebido","component":"libra","trace_id":"01a079e4-8f54-7144-85ff-ec9d61d1c885","protocol_id":"01a079e4-8f54-79e1-92d4-dbdb849abcd3","status":"FAILED"}
libra-1  | {"time":"2026-09-07T03:23:37.309916914Z","level":"DEBUG","msg":"libra: fato de protocolo recebido","component":"libra","trace_id":"01a079e4-8f67-793b-980d-b743dd282055","protocol_id":"01a079e4-8f68-7177-9c31-ded6970b7410","status":"SUCCEEDED"}
libra-1  | {"time":"2026-09-07T03:23:37.311953302Z","level":"INFO","msg":"libra: receita registrada","component":"libra","trace_id":"01a079e4-8f67-793b-980d-b743dd282055","protocol_id":"01a079e4-8f68-7177-9c31-ded6970b7410","amount":1}
libra-1  | {"time":"2026-09-07T03:23:37.316937058Z","level":"INFO","msg":"libra: custo registrado","component":"libra","trace_id":"01a079e4-8f30-791d-ab41-dc1e898f8004","protocol_id":"01a079e4-8f33-7c24-b1cb-52138b456908","amount":0.2}
libra-1  | {"time":"2026-09-07T03:23:37.333924843Z","level":"DEBUG","msg":"libra: fato de protocolo recebido","component":"libra","trace_id":"01a079e4-8f7d-7052-8941-13c0b51ecfe9","protocol_id":"01a079e4-8f7d-786d-9a62-090d6a56e921","status":"SUCCEEDED"}
libra-1  | {"time":"2026-09-07T03:23:37.336067912Z","level":"INFO","msg":"libra: receita registrada","component":"libra","trace_id":"01a079e4-8f7d-7052-8941-13c0b51ecfe9","protocol_id":"01a079e4-8f7d-786d-9a62-090d6a56e921","amount":1}
libra-1  | {"time":"2026-09-07T03:23:37.359500882Z","level":"INFO","msg":"libra: custo registrado","component":"libra","trace_id":"01a079e4-8f67-793b-980d-b743dd282055","protocol_id":"01a079e4-8f68-7177-9c31-ded6970b7410","amount":0.2}
libra-1  | {"time":"2026-09-07T03:23:37.367237931Z","level":"INFO","msg":"libra: custo registrado","component":"libra","trace_id":"01a079e4-8f7d-7052-8941-13c0b51ecfe9","protocol_id":"01a079e4-8f7d-786d-9a62-090d6a56e921","amount":0.2}
libra-1  | {"time":"2026-09-07T03:23:37.871239206Z","level":"INFO","msg":"http_request","component":"libra","method":"POST","path":"/internal/reservations","status":201,"duration_ms":11}
libra-1  | {"time":"2026-09-07T03:23:38.255935353Z","level":"DEBUG","msg":"libra: fato de protocolo recebido","component":"libra","trace_id":"01a079e4-91f3-795b-b497-e2f55e88bcb5","protocol_id":"01a079e4-91f4-75a7-8806-a0b42e03c9ca","status":"FAILED"}
libra-1  | {"time":"2026-09-07T03:23:38.270692515Z","level":"DEBUG","msg":"libra: fato de protocolo recebido","component":"libra","trace_id":"01a079e4-9200-7875-92b9-cbcaf8b79b08","protocol_id":"01a079e4-9201-7aa6-8acc-e4427c96e0c7","status":"SUCCEEDED"}
libra-1  | {"time":"2026-09-07T03:23:38.273615416Z","level":"INFO","msg":"libra: receita registrada","component":"libra","trace_id":"01a079e4-9200-7875-92b9-cbcaf8b79b08","protocol_id":"01a079e4-9201-7aa6-8acc-e4427c96e0c7","amount":1}
libra-1  | {"time":"2026-09-07T03:23:38.276115925Z","level":"DEBUG","msg":"libra: reserva capturada","component":"libra","trace_id":"01a079e4-9200-7875-92b9-cbcaf8b79b08","protocol_id":"01a079e4-9201-7aa6-8acc-e4427c96e0c7"}
libra-1  | {"time":"2026-09-07T03:23:38.298357282Z","level":"INFO","msg":"libra: custo registrado","component":"libra","trace_id":"01a079e4-9200-7875-92b9-cbcaf8b79b08","protocol_id":"01a079e4-9201-7aa6-8acc-e4427c96e0c7","amount":0.2}
libra-1  | {"time":"2026-09-07T03:25:57.265038472Z","level":"INFO","msg":"http_request","component":"libra","method":"GET","path":"/healthz/ready","status":200,"duration_ms":0}
libra-1  | {"time":"2026-09-07T03:29:17.248748275Z","level":"DEBUG","msg":"libra: fato de protocolo recebido","component":"libra","trace_id":"01a079e9-bc30-787e-9645-7a3f408a1662","protocol_id":"01a079e9-bc32-7660-9f5b-c22ee2f0392f","status":"SUCCEEDED"}
libra-1  | {"time":"2026-09-07T03:29:17.252016223Z","level":"INFO","msg":"libra: receita registrada","component":"libra","trace_id":"01a079e9-bc30-787e-9645-7a3f408a1662","protocol_id":"01a079e9-bc32-7660-9f5b-c22ee2f0392f","amount":1.25}
libra-1  | {"time":"2026-09-07T03:29:17.264193898Z","level":"DEBUG","msg":"libra: fato de protocolo recebido","component":"libra","trace_id":"01a079e9-bc5f-7ba7-a00a-efac3edeefac","protocol_id":"01a079e9-bc60-7e81-9195-e1744054d73c","status":"SUCCEEDED"}
libra-1  | {"time":"2026-09-07T03:29:17.266758607Z","level":"INFO","msg":"libra: receita registrada","component":"libra","trace_id":"01a079e9-bc5f-7ba7-a00a-efac3edeefac","protocol_id":"01a079e9-bc60-7e81-9195-e1744054d73c","amount":1.25}
libra-1  | {"time":"2026-09-07T03:29:17.276619398Z","level":"DEBUG","msg":"libra: fato de protocolo recebido","component":"libra","trace_id":"01a079e9-bc9b-7b5b-8350-491ab2c2b888","protocol_id":"01a079e9-bc9c-774c-99db-7f30aa9ee345","status":"FAILED"}
libra-1  | {"time":"2026-09-07T03:29:17.297941111Z","level":"INFO","msg":"libra: custo registrado","component":"libra","trace_id":"01a079e9-bc30-787e-9645-7a3f408a1662","protocol_id":"01a079e9-bc32-7660-9f5b-c22ee2f0392f","amount":0.2}
libra-1  | {"time":"2026-09-07T03:29:17.327152958Z","level":"INFO","msg":"libra: custo registrado","component":"libra","trace_id":"01a079e9-bc5f-7ba7-a00a-efac3edeefac","protocol_id":"01a079e9-bc60-7e81-9195-e1744054d73c","amount":0.2}
libra-1  | {"time":"2026-09-07T03:29:17.330695641Z","level":"INFO","msg":"libra: custo registrado","component":"libra","trace_id":"","protocol_id":"01a079e9-bc8d-7c25-bfc4-a3895f85bd9f","amount":0.2}
libra-1  | {"time":"2026-09-07T03:29:18.249288012Z","level":"DEBUG","msg":"libra: fato de protocolo recebido","component":"libra","trace_id":"","protocol_id":"01a079e9-bc8d-7c25-bfc4-a3895f85bd9f","status":"SUCCEEDED"}
libra-1  | {"time":"2026-09-07T03:29:18.250846905Z","level":"INFO","msg":"libra: receita registrada","component":"libra","trace_id":"","protocol_id":"01a079e9-bc8d-7c25-bfc4-a3895f85bd9f","amount":1.25}
libra-1  | {"time":"2026-09-07T03:29:20.296067833Z","level":"INFO","msg":"libra: custo registrado","component":"libra","trace_id":"","protocol_id":"01a079e9-bc50-71c1-9937-092b89b9954e","amount":0.2}
libra-1  | {"time":"2026-09-07T03:29:20.307674597Z","level":"INFO","msg":"libra: custo registrado","component":"libra","trace_id":"","protocol_id":"01a079e9-bc7f-75bf-9d7e-15ab06319932","amount":0.2}
libra-1  | {"time":"2026-09-07T03:29:21.255508421Z","level":"DEBUG","msg":"libra: fato de protocolo recebido","component":"libra","trace_id":"","protocol_id":"01a079e9-bc50-71c1-9937-092b89b9954e","status":"SUCCEEDED"}
libra-1  | {"time":"2026-09-07T03:29:21.257316442Z","level":"INFO","msg":"libra: receita registrada","component":"libra","trace_id":"","protocol_id":"01a079e9-bc50-71c1-9937-092b89b9954e","amount":1.25}
libra-1  | {"time":"2026-09-07T03:29:21.262599368Z","level":"DEBUG","msg":"libra: fato de protocolo recebido","component":"libra","trace_id":"","protocol_id":"01a079e9-bc7f-75bf-9d7e-15ab06319932","status":"SUCCEEDED"}
libra-1  | {"time":"2026-09-07T03:29:21.264357726Z","level":"INFO","msg":"libra: receita registrada","component":"libra","trace_id":"","protocol_id":"01a079e9-bc7f-75bf-9d7e-15ab06319932","amount":1.25}
cometa-1  | {"time":"2026-09-07T03:23:37.144211766Z","level":"DEBUG","msg":"comando recebido para execucao","component":"cometa","trace_id":"01a079e4-8f30-791d-ab41-dc1e898f8004","protocol_id":"01a079e4-8f33-7c24-b1cb-52138b456908","operation_id":"01a079e4-8f33-7c26-88c8-df811c6207bb","dispatch_mode":"DIRECT","provider_account_id":"prov-sync-1"}
cometa-1  | {"time":"2026-09-07T03:23:37.147897658Z","level":"DEBUG","msg":"credencial resolvida (SEG-05)","component":"cometa","trace_id":"01a079e4-8f30-791d-ab41-dc1e898f8004","binding_id":"bind-shared-prov-sync-1","credential_mode":"SHARED_HUB","settlement_party":"HUB"}
cometa-1  | {"time":"2026-09-07T03:23:37.156184366Z","level":"DEBUG","msg":"enviando chamada ao provedor","component":"cometa","trace_id":"01a079e4-8f30-791d-ab41-dc1e898f8004","operation_id":"01a079e4-8f33-7c26-88c8-df811c6207bb","provider_base_url":"http://provider-sim:8090","provider_mode":"sync","attempt_id":"01a079e4-8f3f-70f8-97d7-6028de0839af"}
cometa-1  | {"time":"2026-09-07T03:23:37.162642957Z","level":"INFO","msg":"operacao finalizada","component":"cometa","trace_id":"01a079e4-8f30-791d-ab41-dc1e898f8004","protocol_id":"01a079e4-8f33-7c24-b1cb-52138b456908","operation_id":"01a079e4-8f33-7c26-88c8-df811c6207bb","kind":"SUCCEEDED"}
cometa-1  | {"time":"2026-09-07T03:23:37.165488453Z","level":"INFO","msg":"http_request","component":"cometa","method":"POST","path":"/internal/commands/direct","status":200,"duration_ms":21}
cometa-1  | {"time":"2026-09-07T03:23:37.17478196Z","level":"DEBUG","msg":"comando recebido para execucao","component":"cometa","trace_id":"01a079e4-8f54-7144-85ff-ec9d61d1c885","protocol_id":"01a079e4-8f54-79e1-92d4-dbdb849abcd3","operation_id":"01a079e4-8f54-79e4-9dbd-3ebf551454db","dispatch_mode":"DIRECT","provider_account_id":"prov-sync-1"}
cometa-1  | {"time":"2026-09-07T03:23:37.176457422Z","level":"DEBUG","msg":"credencial resolvida (SEG-05)","component":"cometa","trace_id":"01a079e4-8f54-7144-85ff-ec9d61d1c885","binding_id":"bind-shared-prov-sync-1","credential_mode":"SHARED_HUB","settlement_party":"HUB"}
cometa-1  | {"time":"2026-09-07T03:23:37.180425543Z","level":"DEBUG","msg":"enviando chamada ao provedor","component":"cometa","trace_id":"01a079e4-8f54-7144-85ff-ec9d61d1c885","operation_id":"01a079e4-8f54-79e4-9dbd-3ebf551454db","provider_base_url":"http://provider-sim:8090","provider_mode":"sync","attempt_id":"01a079e4-8f5a-7530-87f1-5f4e2520e26d"}
cometa-1  | {"time":"2026-09-07T03:23:37.184808562Z","level":"INFO","msg":"operacao finalizada","component":"cometa","trace_id":"01a079e4-8f54-7144-85ff-ec9d61d1c885","protocol_id":"01a079e4-8f54-79e1-92d4-dbdb849abcd3","operation_id":"01a079e4-8f54-79e4-9dbd-3ebf551454db","kind":"FAILED"}
cometa-1  | {"time":"2026-09-07T03:23:37.186651157Z","level":"INFO","msg":"http_request","component":"cometa","method":"POST","path":"/internal/commands/direct","status":200,"duration_ms":11}
cometa-1  | {"time":"2026-09-07T03:23:37.194272539Z","level":"DEBUG","msg":"comando recebido para execucao","component":"cometa","trace_id":"01a079e4-8f67-793b-980d-b743dd282055","protocol_id":"01a079e4-8f68-7177-9c31-ded6970b7410","operation_id":"01a079e4-8f68-717b-b7d1-664d227e7de1","dispatch_mode":"DIRECT","provider_account_id":"prov-sync-1"}
cometa-1  | {"time":"2026-09-07T03:23:37.195736294Z","level":"DEBUG","msg":"credencial resolvida (SEG-05)","component":"cometa","trace_id":"01a079e4-8f67-793b-980d-b743dd282055","binding_id":"bind-shared-prov-sync-1","credential_mode":"SHARED_HUB","settlement_party":"HUB"}
cometa-1  | {"time":"2026-09-07T03:23:37.200628518Z","level":"DEBUG","msg":"enviando chamada ao provedor","component":"cometa","trace_id":"01a079e4-8f67-793b-980d-b743dd282055","operation_id":"01a079e4-8f68-717b-b7d1-664d227e7de1","provider_base_url":"http://provider-sim:8090","provider_mode":"sync","attempt_id":"01a079e4-8f6e-7bd0-980a-2dee490f5974"}
cometa-1  | {"time":"2026-09-07T03:23:37.204473608Z","level":"INFO","msg":"operacao finalizada","component":"cometa","trace_id":"01a079e4-8f67-793b-980d-b743dd282055","protocol_id":"01a079e4-8f68-7177-9c31-ded6970b7410","operation_id":"01a079e4-8f68-717b-b7d1-664d227e7de1","kind":"SUCCEEDED"}
cometa-1  | {"time":"2026-09-07T03:23:37.20634126Z","level":"INFO","msg":"http_request","component":"cometa","method":"POST","path":"/internal/commands/direct","status":200,"duration_ms":12}
cometa-1  | {"time":"2026-09-07T03:23:37.215528939Z","level":"DEBUG","msg":"comando recebido para execucao","component":"cometa","trace_id":"01a079e4-8f7d-7052-8941-13c0b51ecfe9","protocol_id":"01a079e4-8f7d-786d-9a62-090d6a56e921","operation_id":"01a079e4-8f7d-7870-b39b-9fb63fa23501","dispatch_mode":"DIRECT","provider_account_id":"prov-sync-1"}
cometa-1  | {"time":"2026-09-07T03:23:37.217403484Z","level":"DEBUG","msg":"credencial resolvida (SEG-05)","component":"cometa","trace_id":"01a079e4-8f7d-7052-8941-13c0b51ecfe9","binding_id":"bind-shared-prov-sync-1","credential_mode":"SHARED_HUB","settlement_party":"HUB"}
cometa-1  | {"time":"2026-09-07T03:23:37.220804661Z","level":"DEBUG","msg":"enviando chamada ao provedor","component":"cometa","trace_id":"01a079e4-8f7d-7052-8941-13c0b51ecfe9","operation_id":"01a079e4-8f7d-7870-b39b-9fb63fa23501","provider_base_url":"http://provider-sim:8090","provider_mode":"sync","attempt_id":"01a079e4-8f83-737f-9f44-d90157efd77d"}
cometa-1  | {"time":"2026-09-07T03:23:37.225037369Z","level":"INFO","msg":"operacao finalizada","component":"cometa","trace_id":"01a079e4-8f7d-7052-8941-13c0b51ecfe9","protocol_id":"01a079e4-8f7d-786d-9a62-090d6a56e921","operation_id":"01a079e4-8f7d-7870-b39b-9fb63fa23501","kind":"SUCCEEDED"}
cometa-1  | {"time":"2026-09-07T03:23:37.226940527Z","level":"INFO","msg":"http_request","component":"cometa","method":"POST","path":"/internal/commands/direct","status":200,"duration_ms":11}
cometa-1  | {"time":"2026-09-07T03:23:37.846363059Z","level":"DEBUG","msg":"comando recebido para execucao","component":"cometa","trace_id":"01a079e4-91f3-795b-b497-e2f55e88bcb5","protocol_id":"01a079e4-91f4-75a7-8806-a0b42e03c9ca","operation_id":"01a079e4-91f4-75a8-ac81-add3732ff710","dispatch_mode":"DIRECT","provider_account_id":"e2e-nocred-1788751417836479546"}
pulsar-1  | {"time":"2026-09-07T03:23:37.251817937Z","level":"DEBUG","msg":"pulsar: fato de protocolo recebido","component":"pulsar","trace_id":"01a079e4-8f30-791d-ab41-dc1e898f8004","protocol_id":"01a079e4-8f33-7c24-b1cb-52138b456908","status":"SUCCEEDED"}
atlas-1   | {"time":"2026-09-07T03:23:36.992229661Z","level":"INFO","msg":"http_request","component":"atlas","method":"POST","path":"/v1/provider-accounts","status":201,"duration_ms":8}
atlas-1   | {"time":"2026-09-07T03:23:37.139593265Z","level":"INFO","msg":"http_request","component":"atlas","method":"GET","path":"/v1/contracts/acme","status":200,"duration_ms":1}
atlas-1   | {"time":"2026-09-07T03:23:37.147731556Z","level":"INFO","msg":"http_request","component":"atlas","method":"GET","path":"/v1/credentials/resolve","status":200,"duration_ms":1}
atlas-1   | {"time":"2026-09-07T03:23:37.150915787Z","level":"INFO","msg":"http_request","component":"atlas","method":"GET","path":"/v1/provider-accounts/prov-sync-1","status":200,"duration_ms":0}
atlas-1   | {"time":"2026-09-07T03:23:37.176314144Z","level":"INFO","msg":"http_request","component":"atlas","method":"GET","path":"/v1/credentials/resolve","status":200,"duration_ms":0}
atlas-1   | {"time":"2026-09-07T03:23:37.195626278Z","level":"INFO","msg":"http_request","component":"atlas","method":"GET","path":"/v1/credentials/resolve","status":200,"duration_ms":0}
atlas-1   | {"time":"2026-09-07T03:23:37.217299649Z","level":"INFO","msg":"http_request","component":"atlas","method":"GET","path":"/v1/credentials/resolve","status":200,"duration_ms":0}
atlas-1   | {"time":"2026-09-07T03:23:37.264331623Z","level":"INFO","msg":"http_request","component":"atlas","method":"GET","path":"/v1/contracts/acme","status":200,"duration_ms":0}
atlas-1   | {"time":"2026-09-07T03:23:37.842728073Z","level":"INFO","msg":"http_request","component":"atlas","method":"POST","path":"/v1/provider-accounts","status":201,"duration_ms":5}
atlas-1   | {"time":"2026-09-07T03:23:37.847670711Z","level":"INFO","msg":"http_request","component":"atlas","method":"GET","path":"/v1/credentials/resolve","status":409,"duration_ms":0}
atlas-1   | {"time":"2026-09-07T03:23:37.855740734Z","level":"INFO","msg":"http_request","component":"atlas","method":"POST","path":"/v1/contracts","status":201,"duration_ms":1}
atlas-1   | {"time":"2026-09-07T03:23:37.857590122Z","level":"INFO","msg":"http_request","component":"atlas","method":"GET","path":"/v1/contracts/e2e-strict-1788751417853208084","status":200,"duration_ms":0}
atlas-1   | {"time":"2026-09-07T03:23:37.873714118Z","level":"INFO","msg":"http_request","component":"atlas","method":"GET","path":"/v1/credentials/resolve","status":200,"duration_ms":0}
atlas-1   | {"time":"2026-09-07T03:23:38.271448713Z","level":"INFO","msg":"http_request","component":"atlas","method":"GET","path":"/v1/contracts/e2e-strict-1788751417853208084","status":200,"duration_ms":0}
atlas-1   | {"time":"2026-09-07T03:24:43.400208986Z","level":"INFO","msg":"http_request","component":"atlas","method":"GET","path":"/v1/services/consulta-cadastral/1","status":200,"duration_ms":1}
atlas-1   | {"time":"2026-09-07T03:24:44.36542734Z","level":"INFO","msg":"http_request","component":"atlas","method":"GET","path":"/v1/provider-accounts/prov-sync-1","status":200,"duration_ms":0}
atlas-1   | {"time":"2026-09-07T03:24:45.316191127Z","level":"INFO","msg":"http_request","component":"atlas","method":"GET","path":"/v1/credentials/resolve","status":200,"duration_ms":0}
atlas-1   | {"time":"2026-09-07T03:24:46.280956701Z","level":"INFO","msg":"http_request","component":"atlas","method":"GET","path":"/v1/contracts/acme","status":200,"duration_ms":0}
cometa-1  | {"time":"2026-09-07T03:23:37.847809331Z","level":"WARN","msg":"credencial indisponivel, recusando antes do envio (SEG-05)","component":"cometa","trace_id":"01a079e4-91f3-795b-b497-e2f55e88bcb5","tenant_id":"acme","provider_account_id":"e2e-nocred-1788751417836479546","error":"atlasclient: credencial indisponivel para tenant=acme provider_account=e2e-nocred-1788751417836479546, sem fallback"}
cometa-1  | {"time":"2026-09-07T03:23:37.849529307Z","level":"INFO","msg":"http_request","component":"cometa","method":"POST","path":"/internal/commands/direct","status":200,"duration_ms":3}
cometa-1  | {"time":"2026-09-07T03:23:37.871912269Z","level":"DEBUG","msg":"comando recebido para execucao","component":"cometa","trace_id":"01a079e4-9200-7875-92b9-cbcaf8b79b08","protocol_id":"01a079e4-9201-7aa6-8acc-e4427c96e0c7","operation_id":"01a079e4-9201-7aa8-86a9-e07add5a0228","dispatch_mode":"DIRECT","provider_account_id":"prov-sync-1"}
cometa-1  | {"time":"2026-09-07T03:23:37.873814736Z","level":"DEBUG","msg":"credencial resolvida (SEG-05)","component":"cometa","trace_id":"01a079e4-9200-7875-92b9-cbcaf8b79b08","binding_id":"bind-shared-prov-sync-1","credential_mode":"SHARED_HUB","settlement_party":"HUB"}
cometa-1  | {"time":"2026-09-07T03:23:37.877341319Z","level":"DEBUG","msg":"enviando chamada ao provedor","component":"cometa","trace_id":"01a079e4-9200-7875-92b9-cbcaf8b79b08","operation_id":"01a079e4-9201-7aa8-86a9-e07add5a0228","provider_base_url":"http://provider-sim:8090","provider_mode":"sync","attempt_id":"01a079e4-9213-7b17-ba92-89d5258c1a86"}
cometa-1  | {"time":"2026-09-07T03:23:37.881294081Z","level":"INFO","msg":"operacao finalizada","component":"cometa","trace_id":"01a079e4-9200-7875-92b9-cbcaf8b79b08","protocol_id":"01a079e4-9201-7aa6-8acc-e4427c96e0c7","operation_id":"01a079e4-9201-7aa8-86a9-e07add5a0228","kind":"SUCCEEDED"}
cometa-1  | {"time":"2026-09-07T03:23:37.883542648Z","level":"INFO","msg":"http_request","component":"cometa","method":"POST","path":"/internal/commands/direct","status":200,"duration_ms":11}
cometa-1  | {"time":"2026-09-07T03:25:57.250721775Z","level":"INFO","msg":"http_request","component":"cometa","method":"GET","path":"/healthz/ready","status":200,"duration_ms":0}
cometa-1  | {"time":"2026-09-07T03:29:16.340857322Z","level":"DEBUG","msg":"comando recebido para execucao","component":"cometa","trace_id":"01a079e9-bc30-787e-9645-7a3f408a1662","protocol_id":"01a079e9-bc32-7660-9f5b-c22ee2f0392f","operation_id":"01a079e9-bc32-7662-81cc-dd486807314c","dispatch_mode":"DIRECT","provider_account_id":"prov-sync-1"}
cometa-1  | {"time":"2026-09-07T03:29:16.34261661Z","level":"DEBUG","msg":"credencial resolvida (SEG-05)","component":"cometa","trace_id":"01a079e9-bc30-787e-9645-7a3f408a1662","binding_id":"bind-shared-prov-sync-1","credential_mode":"SHARED_HUB","settlement_party":"HUB"}
cometa-1  | {"time":"2026-09-07T03:29:16.34753882Z","level":"DEBUG","msg":"enviando chamada ao provedor","component":"cometa","trace_id":"01a079e9-bc30-787e-9645-7a3f408a1662","operation_id":"01a079e9-bc32-7662-81cc-dd486807314c","provider_base_url":"http://provider-sim:8090","provider_mode":"sync","attempt_id":"01a079e9-bc39-70e4-8693-e0824dd0afff"}
pulsar-1  | {"time":"2026-09-07T03:23:37.254744535Z","level":"INFO","msg":"pulsar: entrega agendada","component":"pulsar","trace_id":"01a079e4-8f30-791d-ab41-dc1e898f8004","protocol_id":"01a079e4-8f33-7c24-b1cb-52138b456908","delivery_id":"01a079e4-8fa4-773d-82bf-06ba45e31c33","destination":"http://webhook-sink:8091/webhook"}
atlas-1   | {"time":"2026-09-07T03:25:57.243247239Z","level":"INFO","msg":"http_request","component":"atlas","method":"GET","path":"/healthz/ready","status":200,"duration_ms":0}
cometa-1  | {"time":"2026-09-07T03:29:16.352830463Z","level":"INFO","msg":"operacao finalizada","component":"cometa","trace_id":"01a079e9-bc30-787e-9645-7a3f408a1662","protocol_id":"01a079e9-bc32-7660-9f5b-c22ee2f0392f","operation_id":"01a079e9-bc32-7662-81cc-dd486807314c","kind":"SUCCEEDED"}
cometa-1  | {"time":"2026-09-07T03:29:16.354658421Z","level":"INFO","msg":"http_request","component":"cometa","method":"POST","path":"/internal/commands/direct","status":200,"duration_ms":13}
atlas-1   | {"time":"2026-09-07T03:29:16.277688028Z","level":"INFO","msg":"http_request","component":"atlas","method":"POST","path":"/v1/services","status":201,"duration_ms":5}
atlas-1   | {"time":"2026-09-07T03:29:16.285291535Z","level":"INFO","msg":"http_request","component":"atlas","method":"GET","path":"/v1/services/consulta-cadastral-publica/1","status":200,"duration_ms":0}
pulsar-1  | {"time":"2026-09-07T03:23:37.288642961Z","level":"DEBUG","msg":"pulsar: fato de protocolo recebido","component":"pulsar","trace_id":"01a079e4-8f67-793b-980d-b743dd282055","protocol_id":"01a079e4-8f68-7177-9c31-ded6970b7410","status":"SUCCEEDED"}
pulsar-1  | {"time":"2026-09-07T03:23:37.290996063Z","level":"INFO","msg":"pulsar: entrega agendada","component":"pulsar","trace_id":"01a079e4-8f67-793b-980d-b743dd282055","protocol_id":"01a079e4-8f68-7177-9c31-ded6970b7410","delivery_id":"01a079e4-8fc9-7322-abe4-c484eb58d65f","destination":"http://webhook-sink:8091/webhook"}
pulsar-1  | {"time":"2026-09-07T03:23:37.307429178Z","level":"DEBUG","msg":"pulsar: fato de protocolo recebido","component":"pulsar","trace_id":"01a079e4-8f54-7144-85ff-ec9d61d1c885","protocol_id":"01a079e4-8f54-79e1-92d4-dbdb849abcd3","status":"FAILED"}
pulsar-1  | {"time":"2026-09-07T03:23:37.309727127Z","level":"INFO","msg":"pulsar: entrega agendada","component":"pulsar","trace_id":"01a079e4-8f54-7144-85ff-ec9d61d1c885","protocol_id":"01a079e4-8f54-79e1-92d4-dbdb849abcd3","delivery_id":"01a079e4-8fdc-70cf-a46e-84e5ac9a2156","destination":"http://webhook-sink:8091/webhook"}
pulsar-1  | {"time":"2026-09-07T03:23:37.34454593Z","level":"DEBUG","msg":"pulsar: fato de protocolo recebido","component":"pulsar","trace_id":"01a079e4-8f7d-7052-8941-13c0b51ecfe9","protocol_id":"01a079e4-8f7d-786d-9a62-090d6a56e921","status":"SUCCEEDED"}
atlas-1   | {"time":"2026-09-07T03:29:16.293628359Z","level":"INFO","msg":"http_request","component":"atlas","method":"POST","path":"/v1/services","status":201,"duration_ms":1}
atlas-1   | {"time":"2026-09-07T03:29:16.301115448Z","level":"INFO","msg":"http_request","component":"atlas","method":"GET","path":"/v1/services/protocolo-publico/1","status":200,"duration_ms":0}
atlas-1   | {"time":"2026-09-07T03:29:16.310104014Z","level":"INFO","msg":"http_request","component":"atlas","method":"POST","path":"/v1/contracts","status":201,"duration_ms":2}
atlas-1   | {"time":"2026-09-07T03:29:16.31950393Z","level":"INFO","msg":"http_request","component":"atlas","method":"POST","path":"/v1/contracts","status":201,"duration_ms":2}
atlas-1   | {"time":"2026-09-07T03:29:16.328592352Z","level":"INFO","msg":"http_request","component":"atlas","method":"POST","path":"/v1/contracts","status":201,"duration_ms":1}
atlas-1   | {"time":"2026-09-07T03:29:16.338306498Z","level":"INFO","msg":"http_request","component":"atlas","method":"GET","path":"/v1/contracts/cliente-alpha","status":200,"duration_ms":0}
atlas-1   | {"time":"2026-09-07T03:29:16.342521933Z","level":"INFO","msg":"http_request","component":"atlas","method":"GET","path":"/v1/credentials/resolve","status":200,"duration_ms":0}
atlas-1   | {"time":"2026-09-07T03:29:16.344938604Z","level":"INFO","msg":"http_request","component":"atlas","method":"GET","path":"/v1/provider-accounts/prov-sync-1","status":200,"duration_ms":0}
atlas-1   | {"time":"2026-09-07T03:29:16.375519409Z","level":"INFO","msg":"http_request","component":"atlas","method":"GET","path":"/v1/credentials/resolve","status":200,"duration_ms":0}
atlas-1   | {"time":"2026-09-07T03:29:16.378328828Z","level":"INFO","msg":"http_request","component":"atlas","method":"GET","path":"/v1/provider-accounts/prov-poll-1","status":200,"duration_ms":0}
atlas-1   | {"time":"2026-09-07T03:29:16.384836571Z","level":"INFO","msg":"http_request","component":"atlas","method":"GET","path":"/v1/contracts/cliente-beta","status":200,"duration_ms":0}
atlas-1   | {"time":"2026-09-07T03:29:16.389354693Z","level":"INFO","msg":"http_request","component":"atlas","method":"GET","path":"/v1/credentials/resolve","status":200,"duration_ms":0}
atlas-1   | {"time":"2026-09-07T03:29:16.421760961Z","level":"INFO","msg":"http_request","component":"atlas","method":"GET","path":"/v1/credentials/resolve","status":200,"duration_ms":0}
atlas-1   | {"time":"2026-09-07T03:29:16.424388458Z","level":"INFO","msg":"http_request","component":"atlas","method":"GET","path":"/v1/provider-accounts/prov-poll-2","status":200,"duration_ms":0}
atlas-1   | {"time":"2026-09-07T03:29:16.429680872Z","level":"INFO","msg":"http_request","component":"atlas","method":"GET","path":"/v1/contracts/cliente-gamma","status":200,"duration_ms":0}
atlas-1   | {"time":"2026-09-07T03:29:16.437858377Z","level":"INFO","msg":"http_request","component":"atlas","method":"GET","path":"/v1/credentials/resolve","status":200,"duration_ms":0}
atlas-1   | {"time":"2026-09-07T03:29:16.440564852Z","level":"INFO","msg":"http_request","component":"atlas","method":"GET","path":"/v1/provider-accounts/prov-callback-1","status":200,"duration_ms":0}
atlas-1   | {"time":"2026-09-07T03:29:16.447954348Z","level":"INFO","msg":"http_request","component":"atlas","method":"GET","path":"/v1/credentials/resolve","status":200,"duration_ms":0}
pulsar-1  | {"time":"2026-09-07T03:23:37.346926503Z","level":"INFO","msg":"pulsar: entrega agendada","component":"pulsar","trace_id":"01a079e4-8f7d-7052-8941-13c0b51ecfe9","protocol_id":"01a079e4-8f7d-786d-9a62-090d6a56e921","delivery_id":"01a079e4-9000-7eed-b8b6-e70dc82fc440","destination":"http://webhook-sink:8091/webhook"}
pulsar-1  | {"time":"2026-09-07T03:23:38.250930508Z","level":"DEBUG","msg":"pulsar: fato de protocolo recebido","component":"pulsar","trace_id":"01a079e4-91f3-795b-b497-e2f55e88bcb5","protocol_id":"01a079e4-91f4-75a7-8806-a0b42e03c9ca","status":"FAILED"}
pulsar-1  | {"time":"2026-09-07T03:23:38.253555831Z","level":"INFO","msg":"pulsar: entrega agendada","component":"pulsar","trace_id":"01a079e4-91f3-795b-b497-e2f55e88bcb5","protocol_id":"01a079e4-91f4-75a7-8806-a0b42e03c9ca","delivery_id":"01a079e4-938b-795b-a9c5-66d602e32aa8","destination":"http://webhook-sink:8091/webhook"}
pulsar-1  | {"time":"2026-09-07T03:23:38.267071155Z","level":"DEBUG","msg":"pulsar: fato de protocolo recebido","component":"pulsar","trace_id":"01a079e4-9200-7875-92b9-cbcaf8b79b08","protocol_id":"01a079e4-9201-7aa6-8acc-e4427c96e0c7","status":"SUCCEEDED"}
atlas-1   | {"time":"2026-09-07T03:29:17.250048203Z","level":"INFO","msg":"http_request","component":"atlas","method":"GET","path":"/v1/contracts/cliente-alpha","status":200,"duration_ms":0}
atlas-1   | {"time":"2026-09-07T03:29:17.264873703Z","level":"INFO","msg":"http_request","component":"atlas","method":"GET","path":"/v1/contracts/cliente-beta","status":200,"duration_ms":0}
pulsar-1  | {"time":"2026-09-07T03:23:38.267551105Z","level":"DEBUG","msg":"pulsar: tenant sem destino de webhook cadastrado","component":"pulsar","trace_id":"01a079e4-9200-7875-92b9-cbcaf8b79b08","tenant_id":"e2e-strict-1788751417853208084"}
pulsar-1  | {"time":"2026-09-07T03:25:57.257661368Z","level":"INFO","msg":"http_request","component":"pulsar","method":"GET","path":"/healthz/ready","status":200,"duration_ms":0}
pulsar-1  | {"time":"2026-09-07T03:29:17.258507666Z","level":"DEBUG","msg":"pulsar: fato de protocolo recebido","component":"pulsar","trace_id":"01a079e9-bc30-787e-9645-7a3f408a1662","protocol_id":"01a079e9-bc32-7660-9f5b-c22ee2f0392f","status":"SUCCEEDED"}
pulsar-1  | {"time":"2026-09-07T03:29:17.258988427Z","level":"DEBUG","msg":"pulsar: tenant sem destino de webhook cadastrado","component":"pulsar","trace_id":"01a079e9-bc30-787e-9645-7a3f408a1662","tenant_id":"cliente-alpha"}
pulsar-1  | {"time":"2026-09-07T03:29:17.275740901Z","level":"DEBUG","msg":"pulsar: fato de protocolo recebido","component":"pulsar","trace_id":"01a079e9-bc5f-7ba7-a00a-efac3edeefac","protocol_id":"01a079e9-bc60-7e81-9195-e1744054d73c","status":"SUCCEEDED"}
pulsar-1  | {"time":"2026-09-07T03:29:17.276128688Z","level":"DEBUG","msg":"pulsar: tenant sem destino de webhook cadastrado","component":"pulsar","trace_id":"01a079e9-bc5f-7ba7-a00a-efac3edeefac","tenant_id":"cliente-beta"}
pulsar-1  | {"time":"2026-09-07T03:29:17.278465801Z","level":"DEBUG","msg":"pulsar: fato de protocolo recebido","component":"pulsar","trace_id":"01a079e9-bc9b-7b5b-8350-491ab2c2b888","protocol_id":"01a079e9-bc9c-774c-99db-7f30aa9ee345","status":"FAILED"}
pulsar-1  | {"time":"2026-09-07T03:29:17.278862725Z","level":"DEBUG","msg":"pulsar: tenant sem destino de webhook cadastrado","component":"pulsar","trace_id":"01a079e9-bc9b-7b5b-8350-491ab2c2b888","tenant_id":"cliente-gamma"}
pulsar-1  | {"time":"2026-09-07T03:29:18.249787769Z","level":"DEBUG","msg":"pulsar: fato de protocolo recebido","component":"pulsar","trace_id":"","protocol_id":"01a079e9-bc8d-7c25-bfc4-a3895f85bd9f","status":"SUCCEEDED"}
pulsar-1  | {"time":"2026-09-07T03:29:18.250297254Z","level":"DEBUG","msg":"pulsar: tenant sem destino de webhook cadastrado","component":"pulsar","trace_id":"","tenant_id":"cliente-gamma"}
pulsar-1  | {"time":"2026-09-07T03:29:21.2528144Z","level":"DEBUG","msg":"pulsar: fato de protocolo recebido","component":"pulsar","trace_id":"","protocol_id":"01a079e9-bc50-71c1-9937-092b89b9954e","status":"SUCCEEDED"}
pulsar-1  | {"time":"2026-09-07T03:29:21.253254625Z","level":"DEBUG","msg":"pulsar: tenant sem destino de webhook cadastrado","component":"pulsar","trace_id":"","tenant_id":"cliente-alpha"}
pulsar-1  | {"time":"2026-09-07T03:29:21.261116277Z","level":"DEBUG","msg":"pulsar: fato de protocolo recebido","component":"pulsar","trace_id":"","protocol_id":"01a079e9-bc7f-75bf-9d7e-15ab06319932","status":"SUCCEEDED"}
pulsar-1  | {"time":"2026-09-07T03:29:21.261738654Z","level":"DEBUG","msg":"pulsar: tenant sem destino de webhook cadastrado","component":"pulsar","trace_id":"","tenant_id":"cliente-beta"}
atlas-1   | {"time":"2026-09-07T03:29:17.277314712Z","level":"INFO","msg":"http_request","component":"atlas","method":"GET","path":"/v1/contracts/cliente-gamma","status":200,"duration_ms":0}
atlas-1   | {"time":"2026-09-07T03:29:45.32143836Z","level":"INFO","msg":"http_request","component":"atlas","method":"GET","path":"/v1/services/consulta-cadastral/1","status":200,"duration_ms":0}
atlas-1   | {"time":"2026-09-07T03:29:45.969340426Z","level":"INFO","msg":"http_request","component":"atlas","method":"GET","path":"/v1/provider-accounts/prov-sync-1","status":200,"duration_ms":0}
atlas-1   | {"time":"2026-09-07T03:29:46.636319796Z","level":"INFO","msg":"http_request","component":"atlas","method":"GET","path":"/v1/credentials/resolve","status":200,"duration_ms":0}
atlas-1   | {"time":"2026-09-07T03:29:47.186188762Z","level":"INFO","msg":"http_request","component":"atlas","method":"GET","path":"/v1/contracts/acme","status":200,"duration_ms":0}
orbita-1  | {"time":"2026-09-07T03:23:36.902689347Z","level":"INFO","msg":"admissao recebida","component":"orbita","trace_id":"01a079e4-8e46-7a71-be7f-3bcf1b95d4ff","tenant_id":"acme","idempotency_key":"evid-sync-ok-001"}
cometa-1  | {"time":"2026-09-07T03:29:16.37411731Z","level":"DEBUG","msg":"comando recebido para execucao","component":"cometa","trace_id":"01a079e9-bc4f-7689-b323-0ca92d256e4e","protocol_id":"01a079e9-bc50-71c1-9937-092b89b9954e","operation_id":"01a079e9-bc50-71c3-aa2e-d550796c247c","dispatch_mode":"QUEUED","provider_account_id":"prov-poll-1"}
cometa-1  | {"time":"2026-09-07T03:29:16.375688236Z","level":"DEBUG","msg":"credencial resolvida (SEG-05)","component":"cometa","trace_id":"01a079e9-bc4f-7689-b323-0ca92d256e4e","binding_id":"bind-shared-prov-poll-1","credential_mode":"SHARED_HUB","settlement_party":"HUB"}
cometa-1  | {"time":"2026-09-07T03:29:16.380340269Z","level":"DEBUG","msg":"enviando chamada ao provedor","component":"cometa","trace_id":"01a079e9-bc4f-7689-b323-0ca92d256e4e","operation_id":"01a079e9-bc50-71c3-aa2e-d550796c247c","provider_base_url":"http://provider-sim:8090","provider_mode":"async_poll","attempt_id":"01a079e9-bc5a-7722-ae04-ec8063a92acb"}
cometa-1  | {"time":"2026-09-07T03:29:16.387970468Z","level":"DEBUG","msg":"comando recebido para execucao","component":"cometa","trace_id":"01a079e9-bc5f-7ba7-a00a-efac3edeefac","protocol_id":"01a079e9-bc60-7e81-9195-e1744054d73c","operation_id":"01a079e9-bc60-7e84-b327-32b838d34c55","dispatch_mode":"DIRECT","provider_account_id":"prov-sync-1"}
cometa-1  | {"time":"2026-09-07T03:29:16.389567122Z","level":"DEBUG","msg":"credencial resolvida (SEG-05)","component":"cometa","trace_id":"01a079e9-bc5f-7ba7-a00a-efac3edeefac","binding_id":"bind-shared-prov-sync-1","credential_mode":"SHARED_HUB","settlement_party":"HUB"}
cometa-1  | {"time":"2026-09-07T03:29:16.394135097Z","level":"DEBUG","msg":"enviando chamada ao provedor","component":"cometa","trace_id":"01a079e9-bc5f-7ba7-a00a-efac3edeefac","operation_id":"01a079e9-bc60-7e84-b327-32b838d34c55","provider_base_url":"http://provider-sim:8090","provider_mode":"sync","attempt_id":"01a079e9-bc68-7950-a89f-e759ffda684a"}
cometa-1  | {"time":"2026-09-07T03:29:16.399016951Z","level":"INFO","msg":"operacao finalizada","component":"cometa","trace_id":"01a079e9-bc5f-7ba7-a00a-efac3edeefac","protocol_id":"01a079e9-bc60-7e81-9195-e1744054d73c","operation_id":"01a079e9-bc60-7e84-b327-32b838d34c55","kind":"SUCCEEDED"}
cometa-1  | {"time":"2026-09-07T03:29:16.400926332Z","level":"INFO","msg":"http_request","component":"cometa","method":"POST","path":"/internal/commands/direct","status":200,"duration_ms":12}
cometa-1  | {"time":"2026-09-07T03:29:16.420300963Z","level":"DEBUG","msg":"comando recebido para execucao","component":"cometa","trace_id":"01a079e9-bc7e-7b00-a280-65003be1f75e","protocol_id":"01a079e9-bc7f-75bf-9d7e-15ab06319932","operation_id":"01a079e9-bc7f-75c0-a420-49488be90064","dispatch_mode":"QUEUED","provider_account_id":"prov-poll-2"}
cometa-1  | {"time":"2026-09-07T03:29:16.421895854Z","level":"DEBUG","msg":"credencial resolvida (SEG-05)","component":"cometa","trace_id":"01a079e9-bc7e-7b00-a280-65003be1f75e","binding_id":"bind-shared-prov-poll-2","credential_mode":"SHARED_HUB","settlement_party":"HUB"}
orbita-1  | {"time":"2026-09-07T03:23:36.902793783Z","level":"DEBUG","msg":"hash de idempotencia calculado","component":"orbita","trace_id":"01a079e4-8e46-7a71-be7f-3bcf1b95d4ff","request_hash":"a8f1341f1ee9310234f870c40ffac4eb156e85b996d84f9271d4fb79bd01b02e","mode":"SYNC"}
orbita-1  | {"time":"2026-09-07T03:23:36.903851315Z","level":"INFO","msg":"http_request","component":"orbita","method":"POST","path":"/v1/protocols","status":200,"duration_ms":1}
orbita-1  | {"time":"2026-09-07T03:23:36.917986592Z","level":"INFO","msg":"admissao recebida","component":"orbita","trace_id":"01a079e4-8e55-7eea-9f32-bbeedb6ccff8","tenant_id":"acme","idempotency_key":"evid-sync-fail-001"}
orbita-1  | {"time":"2026-09-07T03:23:36.918076881Z","level":"DEBUG","msg":"hash de idempotencia calculado","component":"orbita","trace_id":"01a079e4-8e55-7eea-9f32-bbeedb6ccff8","request_hash":"432f2ca96e68931e80d4a88b9c8beb8b445914bd1e9750fd87099d63e984e4de","mode":"SYNC"}
orbita-1  | {"time":"2026-09-07T03:23:36.919055176Z","level":"INFO","msg":"http_request","component":"orbita","method":"POST","path":"/v1/protocols","status":200,"duration_ms":1}
orbita-1  | {"time":"2026-09-07T03:23:36.92761666Z","level":"INFO","msg":"admissao recebida","component":"orbita","trace_id":"01a079e4-8e5f-7953-b01d-8716a2144efb","tenant_id":"acme","idempotency_key":"evid-async-poll-a-001"}
orbita-1  | {"time":"2026-09-07T03:23:36.927677344Z","level":"DEBUG","msg":"hash de idempotencia calculado","component":"orbita","trace_id":"01a079e4-8e5f-7953-b01d-8716a2144efb","request_hash":"c6c4755c854532ddaefd2f0b41166ec5145e9f2b0700d28b70fc236c8a938661","mode":"ASYNC"}
orbita-1  | {"time":"2026-09-07T03:23:36.928398997Z","level":"INFO","msg":"http_request","component":"orbita","method":"POST","path":"/v1/protocols","status":200,"duration_ms":0}
orbita-1  | {"time":"2026-09-07T03:23:36.937405847Z","level":"INFO","msg":"admissao recebida","component":"orbita","trace_id":"01a079e4-8e69-761a-a9d9-25ea86728dd3","tenant_id":"acme","idempotency_key":"evid-async-poll-b-001"}
orbita-1  | {"time":"2026-09-07T03:23:36.937580634Z","level":"DEBUG","msg":"hash de idempotencia calculado","component":"orbita","trace_id":"01a079e4-8e69-761a-a9d9-25ea86728dd3","request_hash":"61194b46947398710def5a23c3c41c6649157bf99a046f044355bccc25d74769","mode":"ASYNC"}
cometa-1  | {"time":"2026-09-07T03:29:16.426230813Z","level":"DEBUG","msg":"enviando chamada ao provedor","component":"cometa","trace_id":"01a079e9-bc7e-7b00-a280-65003be1f75e","operation_id":"01a079e9-bc7f-75c0-a420-49488be90064","provider_base_url":"http://provider-sim:8090","provider_mode":"async_poll","attempt_id":"01a079e9-bc88-7783-addf-cc58b5986228"}
cometa-1  | {"time":"2026-09-07T03:29:16.436500801Z","level":"DEBUG","msg":"comando recebido para execucao","component":"cometa","trace_id":"01a079e9-bc8c-76f6-95b7-38606d51dedc","protocol_id":"01a079e9-bc8d-7c25-bfc4-a3895f85bd9f","operation_id":"01a079e9-bc8d-7c28-a6b2-bc2a2e139cc0","dispatch_mode":"QUEUED","provider_account_id":"prov-callback-1"}
cometa-1  | {"time":"2026-09-07T03:29:16.437977219Z","level":"DEBUG","msg":"credencial resolvida (SEG-05)","component":"cometa","trace_id":"01a079e9-bc8c-76f6-95b7-38606d51dedc","binding_id":"bind-shared-prov-callback-1","credential_mode":"SHARED_HUB","settlement_party":"HUB"}
cometa-1  | {"time":"2026-09-07T03:29:16.444019199Z","level":"DEBUG","msg":"enviando chamada ao provedor","component":"cometa","trace_id":"01a079e9-bc8c-76f6-95b7-38606d51dedc","operation_id":"01a079e9-bc8d-7c28-a6b2-bc2a2e139cc0","provider_base_url":"http://provider-sim:8090","provider_mode":"async_callback","attempt_id":"01a079e9-bc98-7a8d-b951-f68372e2e300"}
cometa-1  | {"time":"2026-09-07T03:29:16.446389063Z","level":"DEBUG","msg":"comando recebido para execucao","component":"cometa","trace_id":"01a079e9-bc9b-7b5b-8350-491ab2c2b888","protocol_id":"01a079e9-bc9c-774c-99db-7f30aa9ee345","operation_id":"01a079e9-bc9c-774f-b87c-e4bc73bab468","dispatch_mode":"DIRECT","provider_account_id":"prov-sync-1"}
cometa-1  | {"time":"2026-09-07T03:29:16.448094311Z","level":"DEBUG","msg":"credencial resolvida (SEG-05)","component":"cometa","trace_id":"01a079e9-bc9b-7b5b-8350-491ab2c2b888","binding_id":"bind-shared-prov-sync-1","credential_mode":"SHARED_HUB","settlement_party":"HUB"}
cometa-1  | {"time":"2026-09-07T03:29:16.451366948Z","level":"DEBUG","msg":"enviando chamada ao provedor","component":"cometa","trace_id":"01a079e9-bc9b-7b5b-8350-491ab2c2b888","operation_id":"01a079e9-bc9c-774f-b87c-e4bc73bab468","provider_base_url":"http://provider-sim:8090","provider_mode":"sync","attempt_id":"01a079e9-bca1-7abf-8057-8c2041d10d76"}
cometa-1  | {"time":"2026-09-07T03:29:16.455428063Z","level":"INFO","msg":"operacao finalizada","component":"cometa","trace_id":"01a079e9-bc9b-7b5b-8350-491ab2c2b888","protocol_id":"01a079e9-bc9c-774c-99db-7f30aa9ee345","operation_id":"01a079e9-bc9c-774f-b87c-e4bc73bab468","kind":"FAILED"}
cometa-1  | {"time":"2026-09-07T03:29:16.457253406Z","level":"INFO","msg":"http_request","component":"cometa","method":"POST","path":"/internal/commands/direct","status":200,"duration_ms":10}
cometa-1  | {"time":"2026-09-07T03:29:16.95136165Z","level":"INFO","msg":"operacao finalizada","component":"cometa","trace_id":"","protocol_id":"01a079e9-bc8d-7c25-bfc4-a3895f85bd9f","operation_id":"01a079e9-bc8d-7c28-a6b2-bc2a2e139cc0","kind":"SUCCEEDED"}
cometa-1  | {"time":"2026-09-07T03:29:16.953376598Z","level":"INFO","msg":"http_request","component":"cometa","method":"POST","path":"/internal/callbacks/01a079e9-bc8d-7c28-a6b2-bc2a2e139cc0","status":200,"duration_ms":7}
cometa-1  | {"time":"2026-09-07T03:29:19.290167374Z","level":"INFO","msg":"operacao finalizada","component":"cometa","trace_id":"","protocol_id":"01a079e9-bc50-71c1-9937-092b89b9954e","operation_id":"01a079e9-bc50-71c3-aa2e-d550796c247c","kind":"SUCCEEDED"}
cometa-1  | {"time":"2026-09-07T03:29:19.296382378Z","level":"INFO","msg":"operacao finalizada","component":"cometa","trace_id":"","protocol_id":"01a079e9-bc7f-75bf-9d7e-15ab06319932","operation_id":"01a079e9-bc7f-75c0-a420-49488be90064","kind":"SUCCEEDED"}
orbita-1  | {"time":"2026-09-07T03:23:36.938582994Z","level":"INFO","msg":"http_request","component":"orbita","method":"POST","path":"/v1/protocols","status":200,"duration_ms":1}
orbita-1  | {"time":"2026-09-07T03:23:36.948951767Z","level":"INFO","msg":"admissao recebida","component":"orbita","trace_id":"01a079e4-8e74-7e72-bcaf-7404b298f8eb","tenant_id":"acme","idempotency_key":"evid-async-callback-001"}
orbita-1  | {"time":"2026-09-07T03:23:36.949014996Z","level":"DEBUG","msg":"hash de idempotencia calculado","component":"orbita","trace_id":"01a079e4-8e74-7e72-bcaf-7404b298f8eb","request_hash":"77e36048d8fe824b7702200b22322ede78677adc5538739f2a58981d8e5511b8","mode":"ASYNC"}
orbita-1  | {"time":"2026-09-07T03:23:36.949846966Z","level":"INFO","msg":"http_request","component":"orbita","method":"POST","path":"/v1/protocols","status":200,"duration_ms":0}
orbita-1  | {"time":"2026-09-07T03:23:36.957716583Z","level":"INFO","msg":"admissao recebida","component":"orbita","trace_id":"01a079e4-8e7d-7acb-9ce4-b57db280843d","tenant_id":"acme","idempotency_key":"evid-auto-001"}
orbita-1  | {"time":"2026-09-07T03:23:36.957803356Z","level":"DEBUG","msg":"hash de idempotencia calculado","component":"orbita","trace_id":"01a079e4-8e7d-7acb-9ce4-b57db280843d","request_hash":"0296e56406483515284d0efb70e19da1df5ae2e583eb13fe40c7ed7648147fc4","mode":"AUTO"}
orbita-1  | {"time":"2026-09-07T03:23:36.958620898Z","level":"INFO","msg":"http_request","component":"orbita","method":"POST","path":"/v1/protocols","status":200,"duration_ms":0}
orbita-1  | {"time":"2026-09-07T03:23:36.967027272Z","level":"INFO","msg":"admissao recebida","component":"orbita","trace_id":"01a079e4-8e87-7050-ad9a-2ca2d235be34","tenant_id":"acme-strict","idempotency_key":"evid-strict-ok-001"}
orbita-1  | {"time":"2026-09-07T03:23:36.967092314Z","level":"DEBUG","msg":"hash de idempotencia calculado","component":"orbita","trace_id":"01a079e4-8e87-7050-ad9a-2ca2d235be34","request_hash":"99ffe62d7a6b906f5ac14d77e42eb4a75c5d14711a2cf38bfc4184397932dd07","mode":"SYNC"}
orbita-1  | {"time":"2026-09-07T03:23:36.967916379Z","level":"INFO","msg":"http_request","component":"orbita","method":"POST","path":"/v1/protocols","status":200,"duration_ms":0}
orbita-1  | {"time":"2026-09-07T03:23:36.975561325Z","level":"INFO","msg":"admissao recebida","component":"orbita","trace_id":"01a079e4-8e8f-787a-8268-d48c14cb8a5f","tenant_id":"acme-dedicated","idempotency_key":"evid-dedicated-001"}
orbita-1  | {"time":"2026-09-07T03:23:36.975610988Z","level":"DEBUG","msg":"hash de idempotencia calculado","component":"orbita","trace_id":"01a079e4-8e8f-787a-8268-d48c14cb8a5f","request_hash":"3b2627018051cd9d2fc5b7f06c7e9c534636531d8279cdcb59d88a660f78f1d7","mode":"SYNC"}
orbita-1  | {"time":"2026-09-07T03:23:36.976510104Z","level":"INFO","msg":"http_request","component":"orbita","method":"POST","path":"/v1/protocols","status":200,"duration_ms":0}
orbita-1  | {"time":"2026-09-07T03:23:37.000119275Z","level":"INFO","msg":"admissao recebida","component":"orbita","trace_id":"01a079e4-8ea8-71b9-bf79-83d6ae4dfd00","tenant_id":"acme","idempotency_key":"evid-nocred-001"}
orbita-1  | {"time":"2026-09-07T03:23:37.000182805Z","level":"DEBUG","msg":"hash de idempotencia calculado","component":"orbita","trace_id":"01a079e4-8ea8-71b9-bf79-83d6ae4dfd00","request_hash":"7cb8e6ac75fbf2fe40717bfdfba5cf3486a5f88bda4ca8871a24620d173448c4","mode":"SYNC"}
orbita-1  | {"time":"2026-09-07T03:23:37.001060941Z","level":"INFO","msg":"http_request","component":"orbita","method":"POST","path":"/v1/protocols","status":200,"duration_ms":0}
orbita-1  | {"time":"2026-09-07T03:23:37.008123365Z","level":"INFO","msg":"admissao recebida","component":"orbita","trace_id":"01a079e4-8eb0-7186-9846-e7afe2ed2843","tenant_id":"acme","idempotency_key":"evid-sync-ok-001"}
orbita-1  | {"time":"2026-09-07T03:23:37.008189339Z","level":"DEBUG","msg":"hash de idempotencia calculado","component":"orbita","trace_id":"01a079e4-8eb0-7186-9846-e7afe2ed2843","request_hash":"a8f1341f1ee9310234f870c40ffac4eb156e85b996d84f9271d4fb79bd01b02e","mode":"SYNC"}
orbita-1  | {"time":"2026-09-07T03:23:37.008975182Z","level":"INFO","msg":"http_request","component":"orbita","method":"POST","path":"/v1/protocols","status":200,"duration_ms":0}
orbita-1  | {"time":"2026-09-07T03:23:37.136604781Z","level":"INFO","msg":"admissao recebida","component":"orbita","trace_id":"01a079e4-8f30-791d-ab41-dc1e898f8004","tenant_id":"acme","idempotency_key":"e2e-sync-ok-1788751417135400544"}
orbita-1  | {"time":"2026-09-07T03:23:37.136671326Z","level":"DEBUG","msg":"hash de idempotencia calculado","component":"orbita","trace_id":"01a079e4-8f30-791d-ab41-dc1e898f8004","request_hash":"dfb1f71ca4227bb9ef26f846b6a5fdc7df18ec9c11828186ed3fa078f0697313","mode":"SYNC"}
orbita-1  | {"time":"2026-09-07T03:23:37.143089441Z","level":"DEBUG","msg":"comando de despacho construido","component":"orbita","trace_id":"01a079e4-8f30-791d-ab41-dc1e898f8004","protocol_id":"01a079e4-8f33-7c24-b1cb-52138b456908","command_id":"01a079e4-8f33-7c26-88c8-df811c6207bb","dispatch_mode":"DIRECT","provider_account_id":"prov-sync-1"}
orbita-1  | {"time":"2026-09-07T03:23:37.170855368Z","level":"INFO","msg":"protocolo finalizado","component":"orbita","trace_id":"01a079e4-8f30-791d-ab41-dc1e898f8004","protocol_id":"01a079e4-8f33-7c24-b1cb-52138b456908","status":"SUCCEEDED","reason":""}
orbita-1  | {"time":"2026-09-07T03:23:37.171224429Z","level":"INFO","msg":"http_request","component":"orbita","method":"POST","path":"/v1/protocols","status":200,"duration_ms":34}
orbita-1  | {"time":"2026-09-07T03:23:37.172087388Z","level":"INFO","msg":"admissao recebida","component":"orbita","trace_id":"01a079e4-8f54-7144-85ff-ec9d61d1c885","tenant_id":"acme","idempotency_key":"e2e-sync-fail-1788751417171972250"}
orbita-1  | {"time":"2026-09-07T03:23:37.172136019Z","level":"DEBUG","msg":"hash de idempotencia calculado","component":"orbita","trace_id":"01a079e4-8f54-7144-85ff-ec9d61d1c885","request_hash":"432f2ca96e68931e80d4a88b9c8beb8b445914bd1e9750fd87099d63e984e4de","mode":"SYNC"}
orbita-1  | {"time":"2026-09-07T03:23:37.174482229Z","level":"DEBUG","msg":"comando de despacho construido","component":"orbita","trace_id":"01a079e4-8f54-7144-85ff-ec9d61d1c885","protocol_id":"01a079e4-8f54-79e1-92d4-dbdb849abcd3","command_id":"01a079e4-8f54-79e4-9dbd-3ebf551454db","dispatch_mode":"DIRECT","provider_account_id":"prov-sync-1"}
orbita-1  | {"time":"2026-09-07T03:23:37.190366404Z","level":"INFO","msg":"protocolo finalizado","component":"orbita","trace_id":"01a079e4-8f54-7144-85ff-ec9d61d1c885","protocol_id":"01a079e4-8f54-79e1-92d4-dbdb849abcd3","status":"FAILED","reason":""}
orbita-1  | {"time":"2026-09-07T03:23:37.190854951Z","level":"INFO","msg":"http_request","component":"orbita","method":"POST","path":"/v1/protocols","status":200,"duration_ms":18}
orbita-1  | {"time":"2026-09-07T03:23:37.191610387Z","level":"INFO","msg":"admissao recebida","component":"orbita","trace_id":"01a079e4-8f67-793b-980d-b743dd282055","tenant_id":"acme","idempotency_key":"e2e-idem-1788751417191477717"}
orbita-1  | {"time":"2026-09-07T03:23:37.191646965Z","level":"DEBUG","msg":"hash de idempotencia calculado","component":"orbita","trace_id":"01a079e4-8f67-793b-980d-b743dd282055","request_hash":"e1e1ac591dff60ea93622e61ae31c553a29bc86a6087e6f00d1e016ed4a01033","mode":"SYNC"}
orbita-1  | {"time":"2026-09-07T03:23:37.193998335Z","level":"DEBUG","msg":"comando de despacho construido","component":"orbita","trace_id":"01a079e4-8f67-793b-980d-b743dd282055","protocol_id":"01a079e4-8f68-7177-9c31-ded6970b7410","command_id":"01a079e4-8f68-717b-b7d1-664d227e7de1","dispatch_mode":"DIRECT","provider_account_id":"prov-sync-1"}
orbita-1  | {"time":"2026-09-07T03:23:37.209126843Z","level":"INFO","msg":"protocolo finalizado","component":"orbita","trace_id":"01a079e4-8f67-793b-980d-b743dd282055","protocol_id":"01a079e4-8f68-7177-9c31-ded6970b7410","status":"SUCCEEDED","reason":""}
orbita-1  | {"time":"2026-09-07T03:23:37.209499392Z","level":"INFO","msg":"http_request","component":"orbita","method":"POST","path":"/v1/protocols","status":200,"duration_ms":17}
orbita-1  | {"time":"2026-09-07T03:23:37.210245231Z","level":"INFO","msg":"admissao recebida","component":"orbita","trace_id":"01a079e4-8f7a-73a3-8529-58ee500d07da","tenant_id":"acme","idempotency_key":"e2e-idem-1788751417191477717"}
orbita-1  | {"time":"2026-09-07T03:23:37.210293351Z","level":"DEBUG","msg":"hash de idempotencia calculado","component":"orbita","trace_id":"01a079e4-8f7a-73a3-8529-58ee500d07da","request_hash":"e1e1ac591dff60ea93622e61ae31c553a29bc86a6087e6f00d1e016ed4a01033","mode":"SYNC"}
orbita-1  | {"time":"2026-09-07T03:23:37.210999666Z","level":"INFO","msg":"http_request","component":"orbita","method":"POST","path":"/v1/protocols","status":200,"duration_ms":0}
orbita-1  | {"time":"2026-09-07T03:23:37.211570075Z","level":"INFO","msg":"admissao recebida","component":"orbita","trace_id":"01a079e4-8f7b-78a5-a20a-fd0e605cd5b4","tenant_id":"acme","idempotency_key":"e2e-idem-1788751417191477717"}
orbita-1  | {"time":"2026-09-07T03:23:37.211596204Z","level":"DEBUG","msg":"hash de idempotencia calculado","component":"orbita","trace_id":"01a079e4-8f7b-78a5-a20a-fd0e605cd5b4","request_hash":"87d72ff40931b40e35c5a27ce30f4db6ccdaf51c26224f41453a8b06623025c9","mode":"SYNC"}
orbita-1  | {"time":"2026-09-07T03:23:37.212044886Z","level":"INFO","msg":"http_request","component":"orbita","method":"POST","path":"/v1/protocols","status":409,"duration_ms":0}
orbita-1  | {"time":"2026-09-07T03:23:37.213023831Z","level":"INFO","msg":"admissao recebida","component":"orbita","trace_id":"01a079e4-8f7d-7052-8941-13c0b51ecfe9","tenant_id":"acme","idempotency_key":"e2e-webhook-1788751417212521093"}
orbita-1  | {"time":"2026-09-07T03:23:37.213054288Z","level":"DEBUG","msg":"hash de idempotencia calculado","component":"orbita","trace_id":"01a079e4-8f7d-7052-8941-13c0b51ecfe9","request_hash":"176bb92a049b4693c389e6a92aa79ea035c18b6558bf7a6391fe642d2bd4ef27","mode":"SYNC"}
orbita-1  | {"time":"2026-09-07T03:23:37.215222584Z","level":"DEBUG","msg":"comando de despacho construido","component":"orbita","trace_id":"01a079e4-8f7d-7052-8941-13c0b51ecfe9","protocol_id":"01a079e4-8f7d-786d-9a62-090d6a56e921","command_id":"01a079e4-8f7d-7870-b39b-9fb63fa23501","dispatch_mode":"DIRECT","provider_account_id":"prov-sync-1"}
orbita-1  | {"time":"2026-09-07T03:23:37.230249122Z","level":"INFO","msg":"protocolo finalizado","component":"orbita","trace_id":"01a079e4-8f7d-7052-8941-13c0b51ecfe9","protocol_id":"01a079e4-8f7d-786d-9a62-090d6a56e921","status":"SUCCEEDED","reason":""}
orbita-1  | {"time":"2026-09-07T03:23:37.230717289Z","level":"INFO","msg":"http_request","component":"orbita","method":"POST","path":"/v1/protocols","status":200,"duration_ms":17}
orbita-1  | {"time":"2026-09-07T03:23:37.231765074Z","level":"INFO","msg":"http_request","component":"orbita","method":"GET","path":"/v1/protocols/01a079e4-8f7d-786d-9a62-090d6a56e921","status":200,"duration_ms":0}
orbita-1  | {"time":"2026-09-07T03:23:37.314711694Z","level":"DEBUG","msg":"fact consumer: fato de operacao recebido","component":"orbita","trace_id":"01a079e4-8f30-791d-ab41-dc1e898f8004","protocol_id":"01a079e4-8f33-7c24-b1cb-52138b456908","kind":"SUCCEEDED"}
orbita-1  | {"time":"2026-09-07T03:23:37.353136919Z","level":"DEBUG","msg":"fact consumer: fato de operacao recebido","component":"orbita","trace_id":"01a079e4-8f54-7144-85ff-ec9d61d1c885","protocol_id":"01a079e4-8f54-79e1-92d4-dbdb849abcd3","kind":"FAILED"}
orbita-1  | {"time":"2026-09-07T03:23:37.359751432Z","level":"DEBUG","msg":"fact consumer: fato de operacao recebido","component":"orbita","trace_id":"01a079e4-8f67-793b-980d-b743dd282055","protocol_id":"01a079e4-8f68-7177-9c31-ded6970b7410","kind":"SUCCEEDED"}
orbita-1  | {"time":"2026-09-07T03:23:37.366730359Z","level":"DEBUG","msg":"fact consumer: fato de operacao recebido","component":"orbita","trace_id":"01a079e4-8f7d-7052-8941-13c0b51ecfe9","protocol_id":"01a079e4-8f7d-786d-9a62-090d6a56e921","kind":"SUCCEEDED"}
orbita-1  | {"time":"2026-09-07T03:23:37.521993987Z","level":"INFO","msg":"http_request","component":"orbita","method":"GET","path":"/internal/protocols/01a079e4-8f33-7c24-b1cb-52138b456908","status":200,"duration_ms":0}
orbita-1  | {"time":"2026-09-07T03:23:37.529405405Z","level":"INFO","msg":"http_request","component":"orbita","method":"GET","path":"/internal/protocols/01a079e4-8f68-7177-9c31-ded6970b7410","status":200,"duration_ms":0}
orbita-1  | {"time":"2026-09-07T03:23:37.532662844Z","level":"INFO","msg":"http_request","component":"orbita","method":"GET","path":"/internal/protocols/01a079e4-8f54-79e1-92d4-dbdb849abcd3","status":200,"duration_ms":0}
orbita-1  | {"time":"2026-09-07T03:23:37.536432232Z","level":"INFO","msg":"http_request","component":"orbita","method":"GET","path":"/internal/protocols/01a079e4-8f7d-786d-9a62-090d6a56e921","status":200,"duration_ms":0}
orbita-1  | {"time":"2026-09-07T03:23:37.843621979Z","level":"INFO","msg":"admissao recebida","component":"orbita","trace_id":"01a079e4-91f3-795b-b497-e2f55e88bcb5","tenant_id":"acme","idempotency_key":"e2e-nocred-1788751417843434357"}
orbita-1  | {"time":"2026-09-07T03:23:37.843667665Z","level":"DEBUG","msg":"hash de idempotencia calculado","component":"orbita","trace_id":"01a079e4-91f3-795b-b497-e2f55e88bcb5","request_hash":"c4a90e3a2c358d0557527b5daca09f0f0455397aa8653c94fc50256aed4b5dc1","mode":"SYNC"}
orbita-1  | {"time":"2026-09-07T03:23:37.846125193Z","level":"DEBUG","msg":"comando de despacho construido","component":"orbita","trace_id":"01a079e4-91f3-795b-b497-e2f55e88bcb5","protocol_id":"01a079e4-91f4-75a7-8806-a0b42e03c9ca","command_id":"01a079e4-91f4-75a8-ac81-add3732ff710","dispatch_mode":"DIRECT","provider_account_id":"e2e-nocred-1788751417836479546"}
orbita-1  | {"time":"2026-09-07T03:23:37.852199354Z","level":"INFO","msg":"protocolo finalizado","component":"orbita","trace_id":"01a079e4-91f3-795b-b497-e2f55e88bcb5","protocol_id":"01a079e4-91f4-75a7-8806-a0b42e03c9ca","status":"FAILED","reason":""}
orbita-1  | {"time":"2026-09-07T03:23:37.852561863Z","level":"INFO","msg":"http_request","component":"orbita","method":"POST","path":"/v1/protocols","status":200,"duration_ms":8}
orbita-1  | {"time":"2026-09-07T03:23:37.856563747Z","level":"INFO","msg":"admissao recebida","component":"orbita","trace_id":"01a079e4-9200-7875-92b9-cbcaf8b79b08","tenant_id":"e2e-strict-1788751417853208084","idempotency_key":"e2e-strict-ok-1788751417856411569"}
orbita-1  | {"time":"2026-09-07T03:23:37.856627096Z","level":"DEBUG","msg":"hash de idempotencia calculado","component":"orbita","trace_id":"01a079e4-9200-7875-92b9-cbcaf8b79b08","request_hash":"38e54ba276bcf0fe0c720a00f9fa22d821186c39fed6e4b519c2a7b750557fd6","mode":"SYNC"}
orbita-1  | {"time":"2026-09-07T03:23:37.87147581Z","level":"DEBUG","msg":"comando de despacho construido","component":"orbita","trace_id":"01a079e4-9200-7875-92b9-cbcaf8b79b08","protocol_id":"01a079e4-9201-7aa6-8acc-e4427c96e0c7","command_id":"01a079e4-9201-7aa8-86a9-e07add5a0228","dispatch_mode":"DIRECT","provider_account_id":"prov-sync-1"}
orbita-1  | {"time":"2026-09-07T03:23:37.887118173Z","level":"INFO","msg":"protocolo finalizado","component":"orbita","trace_id":"01a079e4-9200-7875-92b9-cbcaf8b79b08","protocol_id":"01a079e4-9201-7aa6-8acc-e4427c96e0c7","status":"SUCCEEDED","reason":""}
orbita-1  | {"time":"2026-09-07T03:23:37.88792213Z","level":"INFO","msg":"http_request","component":"orbita","method":"POST","path":"/v1/protocols","status":200,"duration_ms":31}
orbita-1  | {"time":"2026-09-07T03:23:38.296513995Z","level":"DEBUG","msg":"fact consumer: fato de operacao recebido","component":"orbita","trace_id":"01a079e4-9200-7875-92b9-cbcaf8b79b08","protocol_id":"01a079e4-9201-7aa6-8acc-e4427c96e0c7","kind":"SUCCEEDED"}
orbita-1  | {"time":"2026-09-07T03:23:38.520246886Z","level":"INFO","msg":"http_request","component":"orbita","method":"GET","path":"/internal/protocols/01a079e4-91f4-75a7-8806-a0b42e03c9ca","status":200,"duration_ms":0}
orbita-1  | {"time":"2026-09-07T03:25:57.235928525Z","level":"INFO","msg":"http_request","component":"orbita","method":"GET","path":"/healthz/ready","status":200,"duration_ms":0}
orbita-1  | {"time":"2026-09-07T03:29:16.336562979Z","level":"INFO","msg":"admissao recebida","component":"orbita","trace_id":"01a079e9-bc30-787e-9645-7a3f408a1662","tenant_id":"cliente-alpha","idempotency_key":"multi-alpha-sync"}
orbita-1  | {"time":"2026-09-07T03:29:16.336626648Z","level":"DEBUG","msg":"hash de idempotencia calculado","component":"orbita","trace_id":"01a079e9-bc30-787e-9645-7a3f408a1662","request_hash":"73e1a5a51a4956f0b4ab5b87adc436847c68ff5bca4dffb7ee0dd63f278277dd","mode":"SYNC"}
orbita-1  | {"time":"2026-09-07T03:29:16.340223774Z","level":"DEBUG","msg":"comando de despacho construido","component":"orbita","trace_id":"01a079e9-bc30-787e-9645-7a3f408a1662","protocol_id":"01a079e9-bc32-7660-9f5b-c22ee2f0392f","command_id":"01a079e9-bc32-7662-81cc-dd486807314c","dispatch_mode":"DIRECT","provider_account_id":"prov-sync-1"}
orbita-1  | {"time":"2026-09-07T03:29:16.358488824Z","level":"INFO","msg":"protocolo finalizado","component":"orbita","trace_id":"01a079e9-bc30-787e-9645-7a3f408a1662","protocol_id":"01a079e9-bc32-7660-9f5b-c22ee2f0392f","status":"SUCCEEDED","reason":""}
orbita-1  | {"time":"2026-09-07T03:29:16.359015411Z","level":"INFO","msg":"http_request","component":"orbita","method":"POST","path":"/v1/protocols","status":200,"duration_ms":22}
orbita-1  | {"time":"2026-09-07T03:29:16.367435009Z","level":"INFO","msg":"admissao recebida","component":"orbita","trace_id":"01a079e9-bc4f-7689-b323-0ca92d256e4e","tenant_id":"cliente-alpha","idempotency_key":"multi-alpha-poll"}
orbita-1  | {"time":"2026-09-07T03:29:16.36750464Z","level":"DEBUG","msg":"hash de idempotencia calculado","component":"orbita","trace_id":"01a079e9-bc4f-7689-b323-0ca92d256e4e","request_hash":"853ca1a73cf584d5a45e824014a13d97d2101787316c453b95fa28722c674fbf","mode":"ASYNC"}
orbita-1  | {"time":"2026-09-07T03:29:16.370017632Z","level":"DEBUG","msg":"comando de despacho construido","component":"orbita","trace_id":"01a079e9-bc4f-7689-b323-0ca92d256e4e","protocol_id":"01a079e9-bc50-71c1-9937-092b89b9954e","command_id":"01a079e9-bc50-71c3-aa2e-d550796c247c","dispatch_mode":"QUEUED","provider_account_id":"prov-poll-1"}
orbita-1  | {"time":"2026-09-07T03:29:16.374670317Z","level":"INFO","msg":"http_request","component":"orbita","method":"POST","path":"/v1/protocols","status":202,"duration_ms":7}
orbita-1  | {"time":"2026-09-07T03:29:16.383769109Z","level":"INFO","msg":"admissao recebida","component":"orbita","trace_id":"01a079e9-bc5f-7ba7-a00a-efac3edeefac","tenant_id":"cliente-beta","idempotency_key":"multi-beta-sync"}
orbita-1  | {"time":"2026-09-07T03:29:16.383816398Z","level":"DEBUG","msg":"hash de idempotencia calculado","component":"orbita","trace_id":"01a079e9-bc5f-7ba7-a00a-efac3edeefac","request_hash":"d6dda812571c2d0557a9d26bf672b1e75418ffdf846763716345a4d5427c0cec","mode":"SYNC"}
orbita-1  | {"time":"2026-09-07T03:29:16.387764341Z","level":"DEBUG","msg":"comando de despacho construido","component":"orbita","trace_id":"01a079e9-bc5f-7ba7-a00a-efac3edeefac","protocol_id":"01a079e9-bc60-7e81-9195-e1744054d73c","command_id":"01a079e9-bc60-7e84-b327-32b838d34c55","dispatch_mode":"DIRECT","provider_account_id":"prov-sync-1"}
orbita-1  | {"time":"2026-09-07T03:29:16.404346916Z","level":"INFO","msg":"protocolo finalizado","component":"orbita","trace_id":"01a079e9-bc5f-7ba7-a00a-efac3edeefac","protocol_id":"01a079e9-bc60-7e81-9195-e1744054d73c","status":"SUCCEEDED","reason":""}
orbita-1  | {"time":"2026-09-07T03:29:16.405030909Z","level":"INFO","msg":"http_request","component":"orbita","method":"POST","path":"/v1/protocols","status":200,"duration_ms":21}
orbita-1  | {"time":"2026-09-07T03:29:16.41472679Z","level":"INFO","msg":"admissao recebida","component":"orbita","trace_id":"01a079e9-bc7e-7b00-a280-65003be1f75e","tenant_id":"cliente-beta","idempotency_key":"multi-beta-poll"}
orbita-1  | {"time":"2026-09-07T03:29:16.414775592Z","level":"DEBUG","msg":"hash de idempotencia calculado","component":"orbita","trace_id":"01a079e9-bc7e-7b00-a280-65003be1f75e","request_hash":"1c6f0140436f12371468d88be6f75c4633fec4142949db6576efd7617b2b5130","mode":"ASYNC"}
orbita-1  | {"time":"2026-09-07T03:29:16.417144905Z","level":"DEBUG","msg":"comando de despacho construido","component":"orbita","trace_id":"01a079e9-bc7e-7b00-a280-65003be1f75e","protocol_id":"01a079e9-bc7f-75bf-9d7e-15ab06319932","command_id":"01a079e9-bc7f-75c0-a420-49488be90064","dispatch_mode":"QUEUED","provider_account_id":"prov-poll-2"}
orbita-1  | {"time":"2026-09-07T03:29:16.420220131Z","level":"INFO","msg":"http_request","component":"orbita","method":"POST","path":"/v1/protocols","status":202,"duration_ms":5}
orbita-1  | {"time":"2026-09-07T03:29:16.428461656Z","level":"INFO","msg":"admissao recebida","component":"orbita","trace_id":"01a079e9-bc8c-76f6-95b7-38606d51dedc","tenant_id":"cliente-gamma","idempotency_key":"multi-gamma-callback"}
orbita-1  | {"time":"2026-09-07T03:29:16.428510027Z","level":"DEBUG","msg":"hash de idempotencia calculado","component":"orbita","trace_id":"01a079e9-bc8c-76f6-95b7-38606d51dedc","request_hash":"872a6e3bef81da3e6214c6033bd09012c4ecef99f32c2b01d6e5cc6f9d0c8f00","mode":"ASYNC"}
orbita-1  | {"time":"2026-09-07T03:29:16.431309777Z","level":"DEBUG","msg":"comando de despacho construido","component":"orbita","trace_id":"01a079e9-bc8c-76f6-95b7-38606d51dedc","protocol_id":"01a079e9-bc8d-7c25-bfc4-a3895f85bd9f","command_id":"01a079e9-bc8d-7c28-a6b2-bc2a2e139cc0","dispatch_mode":"QUEUED","provider_account_id":"prov-callback-1"}
orbita-1  | {"time":"2026-09-07T03:29:16.435063205Z","level":"INFO","msg":"http_request","component":"orbita","method":"POST","path":"/v1/protocols","status":202,"duration_ms":6}
orbita-1  | {"time":"2026-09-07T03:29:16.443750586Z","level":"INFO","msg":"admissao recebida","component":"orbita","trace_id":"01a079e9-bc9b-7b5b-8350-491ab2c2b888","tenant_id":"cliente-gamma","idempotency_key":"multi-gamma-fail"}
orbita-1  | {"time":"2026-09-07T03:29:16.443810678Z","level":"DEBUG","msg":"hash de idempotencia calculado","component":"orbita","trace_id":"01a079e9-bc9b-7b5b-8350-491ab2c2b888","request_hash":"3dc5304e2f7f1c3f57afd8171ee8639999399558611e5441025cee2f2efe6398","mode":"SYNC"}
orbita-1  | {"time":"2026-09-07T03:29:16.446173138Z","level":"DEBUG","msg":"comando de despacho construido","component":"orbita","trace_id":"01a079e9-bc9b-7b5b-8350-491ab2c2b888","protocol_id":"01a079e9-bc9c-774c-99db-7f30aa9ee345","command_id":"01a079e9-bc9c-774f-b87c-e4bc73bab468","dispatch_mode":"DIRECT","provider_account_id":"prov-sync-1"}
orbita-1  | {"time":"2026-09-07T03:29:16.460605501Z","level":"INFO","msg":"protocolo finalizado","component":"orbita","trace_id":"01a079e9-bc9b-7b5b-8350-491ab2c2b888","protocol_id":"01a079e9-bc9c-774c-99db-7f30aa9ee345","status":"FAILED","reason":""}
orbita-1  | {"time":"2026-09-07T03:29:16.461072948Z","level":"INFO","msg":"http_request","component":"orbita","method":"POST","path":"/v1/protocols","status":200,"duration_ms":17}
orbita-1  | {"time":"2026-09-07T03:29:17.294949911Z","level":"DEBUG","msg":"fact consumer: fato de operacao recebido","component":"orbita","trace_id":"01a079e9-bc30-787e-9645-7a3f408a1662","protocol_id":"01a079e9-bc32-7660-9f5b-c22ee2f0392f","kind":"SUCCEEDED"}
orbita-1  | {"time":"2026-09-07T03:29:17.311167322Z","level":"DEBUG","msg":"fact consumer: fato de operacao recebido","component":"orbita","trace_id":"01a079e9-bc5f-7ba7-a00a-efac3edeefac","protocol_id":"01a079e9-bc60-7e81-9195-e1744054d73c","kind":"SUCCEEDED"}
orbita-1  | {"time":"2026-09-07T03:29:17.325570591Z","level":"DEBUG","msg":"fact consumer: fato de operacao recebido","component":"orbita","trace_id":"01a079e9-bc9b-7b5b-8350-491ab2c2b888","protocol_id":"01a079e9-bc9c-774c-99db-7f30aa9ee345","kind":"FAILED"}
orbita-1  | {"time":"2026-09-07T03:29:17.328078444Z","level":"DEBUG","msg":"fact consumer: fato de operacao recebido","component":"orbita","trace_id":"","protocol_id":"01a079e9-bc8d-7c25-bfc4-a3895f85bd9f","kind":"SUCCEEDED"}
orbita-1  | {"time":"2026-09-07T03:29:17.331826963Z","level":"INFO","msg":"protocolo finalizado","component":"orbita","trace_id":"","protocol_id":"01a079e9-bc8d-7c25-bfc4-a3895f85bd9f","status":"SUCCEEDED","reason":""}
orbita-1  | {"time":"2026-09-07T03:29:19.470202563Z","level":"INFO","msg":"http_request","component":"orbita","method":"GET","path":"/metrics","status":200,"duration_ms":0}
orbita-1  | {"time":"2026-09-07T03:29:20.303515558Z","level":"DEBUG","msg":"fact consumer: fato de operacao recebido","component":"orbita","trace_id":"","protocol_id":"01a079e9-bc50-71c1-9937-092b89b9954e","kind":"SUCCEEDED"}
orbita-1  | {"time":"2026-09-07T03:29:20.306693749Z","level":"INFO","msg":"protocolo finalizado","component":"orbita","trace_id":"","protocol_id":"01a079e9-bc50-71c1-9937-092b89b9954e","status":"SUCCEEDED","reason":""}
orbita-1  | {"time":"2026-09-07T03:29:20.311132732Z","level":"DEBUG","msg":"fact consumer: fato de operacao recebido","component":"orbita","trace_id":"","protocol_id":"01a079e9-bc7f-75bf-9d7e-15ab06319932","kind":"SUCCEEDED"}
orbita-1  | {"time":"2026-09-07T03:29:20.314065853Z","level":"INFO","msg":"protocolo finalizado","component":"orbita","trace_id":"","protocol_id":"01a079e9-bc7f-75bf-9d7e-15ab06319932","status":"SUCCEEDED","reason":""}
orbita-1  | {"time":"2026-09-07T03:30:17.055853805Z","level":"INFO","msg":"http_request","component":"orbita","method":"GET","path":"/metrics","status":200,"duration_ms":0}
