{"time":"2026-09-07T02:39:15.795901621Z","level":"INFO","msg":"http server starting","component":"libra","addr":":8084"}
{"time":"2026-09-07T02:41:01.099902589Z","level":"INFO","msg":"http_request","component":"libra","method":"POST","path":"/internal/reservations","status":201,"duration_ms":9}
{"time":"2026-09-07T02:41:01.947709544Z","level":"DEBUG","msg":"libra: fato de protocolo recebido","component":"libra","trace_id":"01a079bd-8e17-7e64-ac56-d2c41919dd06","protocol_id":"01a079bd-8e1d-71a5-a5f2-d50f7a37486f","status":"SUCCEEDED"}
{"time":"2026-09-07T02:41:01.952393718Z","level":"INFO","msg":"libra: receita registrada","component":"libra","trace_id":"01a079bd-8e17-7e64-ac56-d2c41919dd06","protocol_id":"01a079bd-8e1d-71a5-a5f2-d50f7a37486f","amount":1}
{"time":"2026-09-07T02:41:02.018727957Z","level":"INFO","msg":"libra: custo registrado","component":"libra","trace_id":"01a079bd-8e17-7e64-ac56-d2c41919dd06","protocol_id":"01a079bd-8e1d-71a5-a5f2-d50f7a37486f","amount":0.2}
{"time":"2026-09-07T02:41:02.022820331Z","level":"DEBUG","msg":"libra: fato de protocolo recebido","component":"libra","trace_id":"01a079bd-8e40-7200-a8fc-b7305154d8ad","protocol_id":"01a079bd-8e41-719e-b0c0-525c2e683cca","status":"FAILED"}
{"time":"2026-09-07T02:41:02.056148427Z","level":"DEBUG","msg":"libra: fato de protocolo recebido","component":"libra","trace_id":"01a079bd-8ec5-7d3f-945e-7b8dd19099d0","protocol_id":"01a079bd-8ec7-75d2-afed-892e86ec0cb1","status":"SUCCEEDED"}
{"time":"2026-09-07T02:41:02.059043727Z","level":"INFO","msg":"libra: custo registrado","component":"libra","trace_id":"01a079bd-8e9d-77c2-b230-1198e9c94bd2","protocol_id":"01a079bd-8e9e-7f08-a978-f167d32e7d5d","amount":0.2}
{"time":"2026-09-07T02:41:02.063922585Z","level":"INFO","msg":"libra: custo registrado","component":"libra","trace_id":"01a079bd-8ec5-7d3f-945e-7b8dd19099d0","protocol_id":"01a079bd-8ec7-75d2-afed-892e86ec0cb1","amount":0.2}
{"time":"2026-09-07T02:41:02.065829151Z","level":"INFO","msg":"libra: receita registrada","component":"libra","trace_id":"01a079bd-8ec5-7d3f-945e-7b8dd19099d0","protocol_id":"01a079bd-8ec7-75d2-afed-892e86ec0cb1","amount":1}
{"time":"2026-09-07T02:41:02.072274296Z","level":"DEBUG","msg":"libra: fato de protocolo recebido","component":"libra","trace_id":"01a079bd-8e9d-77c2-b230-1198e9c94bd2","protocol_id":"01a079bd-8e9e-7f08-a978-f167d32e7d5d","status":"SUCCEEDED"}
{"time":"2026-09-07T02:41:02.074947369Z","level":"INFO","msg":"libra: receita registrada","component":"libra","trace_id":"01a079bd-8e9d-77c2-b230-1198e9c94bd2","protocol_id":"01a079bd-8e9e-7f08-a978-f167d32e7d5d","amount":1}
{"time":"2026-09-07T02:41:02.077535302Z","level":"DEBUG","msg":"libra: reserva capturada","component":"libra","trace_id":"01a079bd-8e9d-77c2-b230-1198e9c94bd2","protocol_id":"01a079bd-8e9e-7f08-a978-f167d32e7d5d"}
{"time":"2026-09-07T02:41:02.080461719Z","level":"DEBUG","msg":"libra: fato de protocolo recebido","component":"libra","trace_id":"01a079bd-8eeb-7e80-92a5-b47759e15bd9","protocol_id":"01a079bd-8eec-7d4a-a634-94c6e7179052","status":"FAILED"}
{"time":"2026-09-07T02:41:03.836322072Z","level":"INFO","msg":"libra: custo registrado","component":"libra","trace_id":"","protocol_id":"01a079bd-8e81-7261-b12f-ca2159f88bdc","amount":0.2}
{"time":"2026-09-07T02:41:04.847417393Z","level":"DEBUG","msg":"libra: fato de protocolo recebido","component":"libra","trace_id":"","protocol_id":"01a079bd-8e81-7261-b12f-ca2159f88bdc","status":"SUCCEEDED"}
{"time":"2026-09-07T02:41:04.849450195Z","level":"INFO","msg":"libra: receita registrada","component":"libra","trace_id":"","protocol_id":"01a079bd-8e81-7261-b12f-ca2159f88bdc","amount":1}
{"time":"2026-09-07T02:41:04.854398022Z","level":"INFO","msg":"libra: custo registrado","component":"libra","trace_id":"","protocol_id":"01a079bd-8e5d-745c-8fc6-e0aee94b9c13","amount":0.2}
{"time":"2026-09-07T02:41:04.875854728Z","level":"INFO","msg":"libra: custo registrado","component":"libra","trace_id":"","protocol_id":"01a079bd-8e70-75dc-a5da-7d49134681fe","amount":0.2}
{"time":"2026-09-07T02:41:04.879493552Z","level":"INFO","msg":"libra: custo registrado","component":"libra","trace_id":"","protocol_id":"01a079bd-8e8f-7d2d-bd88-fe3e203b0779","amount":0.2}
{"time":"2026-09-07T02:41:05.830751766Z","level":"DEBUG","msg":"libra: fato de protocolo recebido","component":"libra","trace_id":"","protocol_id":"01a079bd-8e5d-745c-8fc6-e0aee94b9c13","status":"SUCCEEDED"}
{"time":"2026-09-07T02:41:05.834642502Z","level":"INFO","msg":"libra: receita registrada","component":"libra","trace_id":"","protocol_id":"01a079bd-8e5d-745c-8fc6-e0aee94b9c13","amount":1}
{"time":"2026-09-07T02:41:05.858129084Z","level":"DEBUG","msg":"libra: fato de protocolo recebido","component":"libra","trace_id":"","protocol_id":"01a079bd-8e70-75dc-a5da-7d49134681fe","status":"SUCCEEDED"}
{"time":"2026-09-07T02:41:05.8612783Z","level":"INFO","msg":"libra: receita registrada","component":"libra","trace_id":"","protocol_id":"01a079bd-8e70-75dc-a5da-7d49134681fe","amount":1}
{"time":"2026-09-07T02:41:05.869651321Z","level":"DEBUG","msg":"libra: fato de protocolo recebido","component":"libra","trace_id":"","protocol_id":"01a079bd-8e8f-7d2d-bd88-fe3e203b0779","status":"SUCCEEDED"}
{"time":"2026-09-07T02:41:05.871760325Z","level":"INFO","msg":"libra: receita registrada","component":"libra","trace_id":"","protocol_id":"01a079bd-8e8f-7d2d-bd88-fe3e203b0779","amount":1}
{"time":"2026-09-07T02:42:51.832889371Z","level":"DEBUG","msg":"libra: fato de protocolo recebido","component":"libra","trace_id":"","protocol_id":"01a079be-c461-7a14-9359-256de7993dbd","status":"EXPIRED"}
{"time":"2026-09-07T02:43:29.832222464Z","level":"DEBUG","msg":"libra: fato de protocolo recebido","component":"libra","trace_id":"","protocol_id":"01a079bf-59ee-79fe-b71a-858c1256534b","status":"EXPIRED"}
