{"time":"2026-09-07T02:39:15.818054892Z","level":"INFO","msg":"http server starting","component":"orbita","addr":":8080"}
{"time":"2026-09-07T02:41:00.951950702Z","level":"INFO","msg":"admissao recebida","component":"orbita","trace_id":"01a079bd-8e17-7e64-ac56-d2c41919dd06","tenant_id":"acme","idempotency_key":"evid-sync-ok-001"}
{"time":"2026-09-07T02:41:00.952084423Z","level":"DEBUG","msg":"hash de idempotencia calculado","component":"orbita","trace_id":"01a079bd-8e17-7e64-ac56-d2c41919dd06","request_hash":"a8f1341f1ee9310234f870c40ffac4eb156e85b996d84f9271d4fb79bd01b02e","mode":"SYNC"}
{"time":"2026-09-07T02:41:00.959400412Z","level":"DEBUG","msg":"comando de despacho construido","component":"orbita","trace_id":"01a079bd-8e17-7e64-ac56-d2c41919dd06","protocol_id":"01a079bd-8e1d-71a5-a5f2-d50f7a37486f","command_id":"01a079bd-8e1d-71a9-b25c-dcd2afe6544d","dispatch_mode":"DIRECT","provider_account_id":"prov-sync-1"}
{"time":"2026-09-07T02:41:00.982976702Z","level":"INFO","msg":"protocolo finalizado","component":"orbita","trace_id":"01a079bd-8e17-7e64-ac56-d2c41919dd06","protocol_id":"01a079bd-8e1d-71a5-a5f2-d50f7a37486f","status":"SUCCEEDED","reason":""}
{"time":"2026-09-07T02:41:00.98366361Z","level":"INFO","msg":"http_request","component":"orbita","method":"POST","path":"/v1/protocols","status":200,"duration_ms":31}
{"time":"2026-09-07T02:41:00.992138803Z","level":"INFO","msg":"admissao recebida","component":"orbita","trace_id":"01a079bd-8e40-7200-a8fc-b7305154d8ad","tenant_id":"acme","idempotency_key":"evid-sync-fail-001"}
{"time":"2026-09-07T02:41:00.992231356Z","level":"DEBUG","msg":"hash de idempotencia calculado","component":"orbita","trace_id":"01a079bd-8e40-7200-a8fc-b7305154d8ad","request_hash":"432f2ca96e68931e80d4a88b9c8beb8b445914bd1e9750fd87099d63e984e4de","mode":"SYNC"}
{"time":"2026-09-07T02:41:00.995027079Z","level":"DEBUG","msg":"comando de despacho construido","component":"orbita","trace_id":"01a079bd-8e40-7200-a8fc-b7305154d8ad","protocol_id":"01a079bd-8e41-719e-b0c0-525c2e683cca","command_id":"01a079bd-8e41-71a1-8e09-2b659ed23add","dispatch_mode":"DIRECT","provider_account_id":"prov-sync-1"}
{"time":"2026-09-07T02:41:01.012143996Z","level":"INFO","msg":"protocolo finalizado","component":"orbita","trace_id":"01a079bd-8e40-7200-a8fc-b7305154d8ad","protocol_id":"01a079bd-8e41-719e-b0c0-525c2e683cca","status":"FAILED","reason":""}
{"time":"2026-09-07T02:41:01.013012585Z","level":"INFO","msg":"http_request","component":"orbita","method":"POST","path":"/v1/protocols","status":200,"duration_ms":20}
{"time":"2026-09-07T02:41:01.020309798Z","level":"INFO","msg":"admissao recebida","component":"orbita","trace_id":"01a079bd-8e5c-7498-9b83-158fb6e190a4","tenant_id":"acme","idempotency_key":"evid-async-poll-a-001"}
{"time":"2026-09-07T02:41:01.020396701Z","level":"DEBUG","msg":"hash de idempotencia calculado","component":"orbita","trace_id":"01a079bd-8e5c-7498-9b83-158fb6e190a4","request_hash":"c6c4755c854532ddaefd2f0b41166ec5145e9f2b0700d28b70fc236c8a938661","mode":"ASYNC"}
{"time":"2026-09-07T02:41:01.023362583Z","level":"DEBUG","msg":"comando de despacho construido","component":"orbita","trace_id":"01a079bd-8e5c-7498-9b83-158fb6e190a4","protocol_id":"01a079bd-8e5d-745c-8fc6-e0aee94b9c13","command_id":"01a079bd-8e5d-745e-b316-5265eb5618dd","dispatch_mode":"QUEUED","provider_account_id":"prov-poll-1"}
{"time":"2026-09-07T02:41:01.031532663Z","level":"INFO","msg":"http_request","component":"orbita","method":"POST","path":"/v1/protocols","status":202,"duration_ms":11}
{"time":"2026-09-07T02:41:01.039496757Z","level":"INFO","msg":"admissao recebida","component":"orbita","trace_id":"01a079bd-8e6f-7779-83e5-1f332bc5ea31","tenant_id":"acme","idempotency_key":"evid-async-poll-b-001"}
{"time":"2026-09-07T02:41:01.039555527Z","level":"DEBUG","msg":"hash de idempotencia calculado","component":"orbita","trace_id":"01a079bd-8e6f-7779-83e5-1f332bc5ea31","request_hash":"61194b46947398710def5a23c3c41c6649157bf99a046f044355bccc25d74769","mode":"ASYNC"}
{"time":"2026-09-07T02:41:01.043378236Z","level":"DEBUG","msg":"comando de despacho construido","component":"orbita","trace_id":"01a079bd-8e6f-7779-83e5-1f332bc5ea31","protocol_id":"01a079bd-8e70-75dc-a5da-7d49134681fe","command_id":"01a079bd-8e70-75df-8c6a-b5b38ef3cf44","dispatch_mode":"QUEUED","provider_account_id":"prov-poll-2"}
{"time":"2026-09-07T02:41:01.047202447Z","level":"INFO","msg":"http_request","component":"orbita","method":"POST","path":"/v1/protocols","status":202,"duration_ms":7}
{"time":"2026-09-07T02:41:01.056057141Z","level":"INFO","msg":"admissao recebida","component":"orbita","trace_id":"01a079bd-8e80-70c5-8ff3-8485af68ceef","tenant_id":"acme","idempotency_key":"evid-async-callback-001"}
{"time":"2026-09-07T02:41:01.056134696Z","level":"DEBUG","msg":"hash de idempotencia calculado","component":"orbita","trace_id":"01a079bd-8e80-70c5-8ff3-8485af68ceef","request_hash":"77e36048d8fe824b7702200b22322ede78677adc5538739f2a58981d8e5511b8","mode":"ASYNC"}
{"time":"2026-09-07T02:41:01.059582953Z","level":"DEBUG","msg":"comando de despacho construido","component":"orbita","trace_id":"01a079bd-8e80-70c5-8ff3-8485af68ceef","protocol_id":"01a079bd-8e81-7261-b12f-ca2159f88bdc","command_id":"01a079bd-8e81-7266-b2e8-ce2e8807d8a6","dispatch_mode":"QUEUED","provider_account_id":"prov-callback-1"}
{"time":"2026-09-07T02:41:01.063150903Z","level":"INFO","msg":"http_request","component":"orbita","method":"POST","path":"/v1/protocols","status":202,"duration_ms":7}
{"time":"2026-09-07T02:41:01.071157317Z","level":"INFO","msg":"admissao recebida","component":"orbita","trace_id":"01a079bd-8e8f-7252-b756-49923cd37558","tenant_id":"acme","idempotency_key":"evid-auto-001"}
{"time":"2026-09-07T02:41:01.071210346Z","level":"DEBUG","msg":"hash de idempotencia calculado","component":"orbita","trace_id":"01a079bd-8e8f-7252-b756-49923cd37558","request_hash":"0296e56406483515284d0efb70e19da1df5ae2e583eb13fe40c7ed7648147fc4","mode":"AUTO"}
{"time":"2026-09-07T02:41:01.073838414Z","level":"DEBUG","msg":"comando de despacho construido","component":"orbita","trace_id":"01a079bd-8e8f-7252-b756-49923cd37558","protocol_id":"01a079bd-8e8f-7d2d-bd88-fe3e203b0779","command_id":"01a079bd-8e8f-7d2f-bb1b-09c8429ab342","dispatch_mode":"QUEUED","provider_account_id":"prov-poll-1"}
{"time":"2026-09-07T02:41:01.077869203Z","level":"INFO","msg":"http_request","component":"orbita","method":"POST","path":"/v1/protocols","status":202,"duration_ms":6}
{"time":"2026-09-07T02:41:01.085514139Z","level":"INFO","msg":"admissao recebida","component":"orbita","trace_id":"01a079bd-8e9d-77c2-b230-1198e9c94bd2","tenant_id":"acme-strict","idempotency_key":"evid-strict-ok-001"}
{"time":"2026-09-07T02:41:01.085564443Z","level":"DEBUG","msg":"hash de idempotencia calculado","component":"orbita","trace_id":"01a079bd-8e9d-77c2-b230-1198e9c94bd2","request_hash":"99ffe62d7a6b906f5ac14d77e42eb4a75c5d14711a2cf38bfc4184397932dd07","mode":"SYNC"}
{"time":"2026-09-07T02:41:01.100156456Z","level":"DEBUG","msg":"comando de despacho construido","component":"orbita","trace_id":"01a079bd-8e9d-77c2-b230-1198e9c94bd2","protocol_id":"01a079bd-8e9e-7f08-a978-f167d32e7d5d","command_id":"01a079bd-8e9e-7f0b-9c31-de1e6574d422","dispatch_mode":"DIRECT","provider_account_id":"prov-sync-1"}
{"time":"2026-09-07T02:41:01.117473658Z","level":"INFO","msg":"protocolo finalizado","component":"orbita","trace_id":"01a079bd-8e9d-77c2-b230-1198e9c94bd2","protocol_id":"01a079bd-8e9e-7f08-a978-f167d32e7d5d","status":"SUCCEEDED","reason":""}
{"time":"2026-09-07T02:41:01.118143525Z","level":"INFO","msg":"http_request","component":"orbita","method":"POST","path":"/v1/protocols","status":200,"duration_ms":32}
{"time":"2026-09-07T02:41:01.125874842Z","level":"INFO","msg":"admissao recebida","component":"orbita","trace_id":"01a079bd-8ec5-7d3f-945e-7b8dd19099d0","tenant_id":"acme-dedicated","idempotency_key":"evid-dedicated-001"}
{"time":"2026-09-07T02:41:01.125950554Z","level":"DEBUG","msg":"hash de idempotencia calculado","component":"orbita","trace_id":"01a079bd-8ec5-7d3f-945e-7b8dd19099d0","request_hash":"3b2627018051cd9d2fc5b7f06c7e9c534636531d8279cdcb59d88a660f78f1d7","mode":"SYNC"}
{"time":"2026-09-07T02:41:01.129511712Z","level":"DEBUG","msg":"comando de despacho construido","component":"orbita","trace_id":"01a079bd-8ec5-7d3f-945e-7b8dd19099d0","protocol_id":"01a079bd-8ec7-75d2-afed-892e86ec0cb1","command_id":"01a079bd-8ec7-75d5-ba22-5582e77d2d97","dispatch_mode":"DIRECT","provider_account_id":"prov-sync-1"}
{"time":"2026-09-07T02:41:01.147266085Z","level":"INFO","msg":"protocolo finalizado","component":"orbita","trace_id":"01a079bd-8ec5-7d3f-945e-7b8dd19099d0","protocol_id":"01a079bd-8ec7-75d2-afed-892e86ec0cb1","status":"SUCCEEDED","reason":""}
{"time":"2026-09-07T02:41:01.14779177Z","level":"INFO","msg":"http_request","component":"orbita","method":"POST","path":"/v1/protocols","status":200,"duration_ms":21}
{"time":"2026-09-07T02:41:01.163957063Z","level":"INFO","msg":"admissao recebida","component":"orbita","trace_id":"01a079bd-8eeb-7e80-92a5-b47759e15bd9","tenant_id":"acme","idempotency_key":"evid-nocred-001"}
{"time":"2026-09-07T02:41:01.164028307Z","level":"DEBUG","msg":"hash de idempotencia calculado","component":"orbita","trace_id":"01a079bd-8eeb-7e80-92a5-b47759e15bd9","request_hash":"7cb8e6ac75fbf2fe40717bfdfba5cf3486a5f88bda4ca8871a24620d173448c4","mode":"SYNC"}
{"time":"2026-09-07T02:41:01.166656265Z","level":"DEBUG","msg":"comando de despacho construido","component":"orbita","trace_id":"01a079bd-8eeb-7e80-92a5-b47759e15bd9","protocol_id":"01a079bd-8eec-7d4a-a634-94c6e7179052","command_id":"01a079bd-8eec-7d4e-8192-bc6ae86c2b1c","dispatch_mode":"DIRECT","provider_account_id":"prov-nocred-evid"}
{"time":"2026-09-07T02:41:01.174256376Z","level":"INFO","msg":"protocolo finalizado","component":"orbita","trace_id":"01a079bd-8eeb-7e80-92a5-b47759e15bd9","protocol_id":"01a079bd-8eec-7d4a-a634-94c6e7179052","status":"FAILED","reason":""}
{"time":"2026-09-07T02:41:01.174879575Z","level":"INFO","msg":"http_request","component":"orbita","method":"POST","path":"/v1/protocols","status":200,"duration_ms":10}
{"time":"2026-09-07T02:41:01.182199752Z","level":"INFO","msg":"admissao recebida","component":"orbita","trace_id":"01a079bd-8efe-72f3-856f-efc53fc161cf","tenant_id":"acme","idempotency_key":"evid-sync-ok-001"}
{"time":"2026-09-07T02:41:01.182264152Z","level":"DEBUG","msg":"hash de idempotencia calculado","component":"orbita","trace_id":"01a079bd-8efe-72f3-856f-efc53fc161cf","request_hash":"a8f1341f1ee9310234f870c40ffac4eb156e85b996d84f9271d4fb79bd01b02e","mode":"SYNC"}
{"time":"2026-09-07T02:41:01.183207742Z","level":"INFO","msg":"http_request","component":"orbita","method":"POST","path":"/v1/protocols","status":200,"duration_ms":1}
{"time":"2026-09-07T02:41:02.011676815Z","level":"DEBUG","msg":"fact consumer: fato de operacao recebido","component":"orbita","trace_id":"01a079bd-8e17-7e64-ac56-d2c41919dd06","protocol_id":"01a079bd-8e1d-71a5-a5f2-d50f7a37486f","kind":"SUCCEEDED"}
{"time":"2026-09-07T02:41:02.050984864Z","level":"DEBUG","msg":"fact consumer: fato de operacao recebido","component":"orbita","trace_id":"01a079bd-8e9d-77c2-b230-1198e9c94bd2","protocol_id":"01a079bd-8e9e-7f08-a978-f167d32e7d5d","kind":"SUCCEEDED"}
{"time":"2026-09-07T02:41:02.058498173Z","level":"DEBUG","msg":"fact consumer: fato de operacao recebido","component":"orbita","trace_id":"01a079bd-8ec5-7d3f-945e-7b8dd19099d0","protocol_id":"01a079bd-8ec7-75d2-afed-892e86ec0cb1","kind":"SUCCEEDED"}
{"time":"2026-09-07T02:41:02.059950416Z","level":"INFO","msg":"http_request","component":"orbita","method":"GET","path":"/internal/protocols/01a079bd-8e1d-71a5-a5f2-d50f7a37486f","status":200,"duration_ms":0}
{"time":"2026-09-07T02:41:02.063540208Z","level":"DEBUG","msg":"fact consumer: fato de operacao recebido","component":"orbita","trace_id":"01a079bd-8e40-7200-a8fc-b7305154d8ad","protocol_id":"01a079bd-8e41-719e-b0c0-525c2e683cca","kind":"FAILED"}
{"time":"2026-09-07T02:41:03.061912521Z","level":"INFO","msg":"http_request","component":"orbita","method":"GET","path":"/internal/protocols/01a079bd-8e41-719e-b0c0-525c2e683cca","status":200,"duration_ms":0}
{"time":"2026-09-07T02:41:03.068799154Z","level":"INFO","msg":"http_request","component":"orbita","method":"GET","path":"/internal/protocols/01a079bd-8eec-7d4a-a634-94c6e7179052","status":200,"duration_ms":0}
{"time":"2026-09-07T02:41:03.833589668Z","level":"DEBUG","msg":"fact consumer: fato de operacao recebido","component":"orbita","trace_id":"","protocol_id":"01a079bd-8e81-7261-b12f-ca2159f88bdc","kind":"SUCCEEDED"}
{"time":"2026-09-07T02:41:03.836287277Z","level":"INFO","msg":"protocolo finalizado","component":"orbita","trace_id":"","protocol_id":"01a079bd-8e81-7261-b12f-ca2159f88bdc","status":"SUCCEEDED","reason":""}
{"time":"2026-09-07T02:41:04.851874521Z","level":"DEBUG","msg":"fact consumer: fato de operacao recebido","component":"orbita","trace_id":"","protocol_id":"01a079bd-8e5d-745c-8fc6-e0aee94b9c13","kind":"SUCCEEDED"}
{"time":"2026-09-07T02:41:04.856471922Z","level":"INFO","msg":"protocolo finalizado","component":"orbita","trace_id":"","protocol_id":"01a079bd-8e5d-745c-8fc6-e0aee94b9c13","status":"SUCCEEDED","reason":""}
{"time":"2026-09-07T02:41:04.875085976Z","level":"DEBUG","msg":"fact consumer: fato de operacao recebido","component":"orbita","trace_id":"","protocol_id":"01a079bd-8e70-75dc-a5da-7d49134681fe","kind":"SUCCEEDED"}
{"time":"2026-09-07T02:41:04.878444153Z","level":"INFO","msg":"protocolo finalizado","component":"orbita","trace_id":"","protocol_id":"01a079bd-8e70-75dc-a5da-7d49134681fe","status":"SUCCEEDED","reason":""}
{"time":"2026-09-07T02:41:04.880635974Z","level":"DEBUG","msg":"fact consumer: fato de operacao recebido","component":"orbita","trace_id":"","protocol_id":"01a079bd-8e8f-7d2d-bd88-fe3e203b0779","kind":"SUCCEEDED"}
{"time":"2026-09-07T02:41:04.883742599Z","level":"INFO","msg":"protocolo finalizado","component":"orbita","trace_id":"","protocol_id":"01a079bd-8e8f-7d2d-bd88-fe3e203b0779","status":"SUCCEEDED","reason":""}
{"time":"2026-09-07T02:41:05.059137587Z","level":"INFO","msg":"http_request","component":"orbita","method":"GET","path":"/internal/protocols/01a079bd-8e81-7261-b12f-ca2159f88bdc","status":200,"duration_ms":0}
{"time":"2026-09-07T02:41:06.059149004Z","level":"INFO","msg":"http_request","component":"orbita","method":"GET","path":"/internal/protocols/01a079bd-8e5d-745c-8fc6-e0aee94b9c13","status":200,"duration_ms":0}
{"time":"2026-09-07T02:41:06.06626094Z","level":"INFO","msg":"http_request","component":"orbita","method":"GET","path":"/internal/protocols/01a079bd-8e70-75dc-a5da-7d49134681fe","status":200,"duration_ms":0}
{"time":"2026-09-07T02:41:06.0693598Z","level":"INFO","msg":"http_request","component":"orbita","method":"GET","path":"/internal/protocols/01a079bd-8e8f-7d2d-bd88-fe3e203b0779","status":200,"duration_ms":0}
{"time":"2026-09-07T02:42:20.383481991Z","level":"INFO","msg":"admissao recebida","component":"orbita","trace_id":"01a079be-c45f-773f-b3e6-7e4315b2af73","tenant_id":"acme","idempotency_key":"evid-queue-demo-001"}
{"time":"2026-09-07T02:42:20.38356701Z","level":"DEBUG","msg":"hash de idempotencia calculado","component":"orbita","trace_id":"01a079be-c45f-773f-b3e6-7e4315b2af73","request_hash":"9bc604d293e7438b7104036431195eb6c76edc76b2d9d1aab6e5b0cb62c1ce87","mode":"ASYNC"}
{"time":"2026-09-07T02:42:20.387603359Z","level":"DEBUG","msg":"comando de despacho construido","component":"orbita","trace_id":"01a079be-c45f-773f-b3e6-7e4315b2af73","protocol_id":"01a079be-c461-7a14-9359-256de7993dbd","command_id":"01a079be-c461-7a18-afe3-d21c84b8e4da","dispatch_mode":"QUEUED","provider_account_id":"prov-poll-1"}
{"time":"2026-09-07T02:42:20.391540622Z","level":"INFO","msg":"http_request","component":"orbita","method":"POST","path":"/v1/protocols","status":202,"duration_ms":8}
{"time":"2026-09-07T02:42:50.826245797Z","level":"INFO","msg":"protocolo finalizado","component":"orbita","trace_id":"","protocol_id":"01a079be-c461-7a14-9359-256de7993dbd","status":"EXPIRED","reason":"SLA_EXCEEDED"}
{"time":"2026-09-07T02:42:50.826275834Z","level":"INFO","msg":"protocolo expirado por SLA","component":"orbita","protocol_id":"01a079be-c461-7a14-9359-256de7993dbd"}
{"time":"2026-09-07T02:42:52.060065648Z","level":"INFO","msg":"http_request","component":"orbita","method":"GET","path":"/internal/protocols/01a079be-c461-7a14-9359-256de7993dbd","status":200,"duration_ms":0}
{"time":"2026-09-07T02:42:58.669059243Z","level":"INFO","msg":"admissao recebida","component":"orbita","trace_id":"01a079bf-59ed-70cd-ae7f-be969525720b","tenant_id":"acme","idempotency_key":"evid-queue-demo-002"}
{"time":"2026-09-07T02:42:58.669146597Z","level":"DEBUG","msg":"hash de idempotencia calculado","component":"orbita","trace_id":"01a079bf-59ed-70cd-ae7f-be969525720b","request_hash":"9bc604d293e7438b7104036431195eb6c76edc76b2d9d1aab6e5b0cb62c1ce87","mode":"ASYNC"}
{"time":"2026-09-07T02:42:58.672479988Z","level":"DEBUG","msg":"comando de despacho construido","component":"orbita","trace_id":"01a079bf-59ed-70cd-ae7f-be969525720b","protocol_id":"01a079bf-59ee-79fe-b71a-858c1256534b","command_id":"01a079bf-59ee-7a01-89cf-80de3a554c62","dispatch_mode":"QUEUED","provider_account_id":"prov-poll-1"}
{"time":"2026-09-07T02:42:58.676445884Z","level":"INFO","msg":"http_request","component":"orbita","method":"POST","path":"/v1/protocols","status":202,"duration_ms":7}
{"time":"2026-09-07T02:43:28.82260793Z","level":"INFO","msg":"protocolo finalizado","component":"orbita","trace_id":"","protocol_id":"01a079bf-59ee-79fe-b71a-858c1256534b","status":"EXPIRED","reason":"SLA_EXCEEDED"}
{"time":"2026-09-07T02:43:28.822633538Z","level":"INFO","msg":"protocolo expirado por SLA","component":"orbita","protocol_id":"01a079bf-59ee-79fe-b71a-858c1256534b"}
{"time":"2026-09-07T02:43:30.058886451Z","level":"INFO","msg":"http_request","component":"orbita","method":"GET","path":"/internal/protocols/01a079bf-59ee-79fe-b71a-858c1256534b","status":200,"duration_ms":0}
{"time":"2026-09-07T02:46:25.120093805Z","level":"ERROR","msg":"deadline timer: falha ao buscar protocolos vencidos","component":"orbita","error":"orbita: buscar deadlines vencidos: dial tcp: lookup postgres on 127.0.0.11:53: no such host"}
{"time":"2026-09-07T02:46:25.120098394Z","level":"ERROR","msg":"outbox: falha ao buscar pendentes","component":"orbita","error":"outbox: buscar pendentes: dial tcp: lookup postgres on 127.0.0.11:53: no such host","aggregate_type":"protocol"}
{"time":"2026-09-07T02:46:25.722483969Z","level":"INFO","msg":"admissao recebida","component":"orbita","trace_id":"01a079c2-82ba-774f-8d22-2b5c54548108","tenant_id":"acme","idempotency_key":"evid-error-demo-001"}
{"time":"2026-09-07T02:46:25.722530465Z","level":"DEBUG","msg":"hash de idempotencia calculado","component":"orbita","trace_id":"01a079c2-82ba-774f-8d22-2b5c54548108","request_hash":"38e54ba276bcf0fe0c720a00f9fa22d821186c39fed6e4b519c2a7b750557fd6","mode":"SYNC"}
{"time":"2026-09-07T02:46:25.735177661Z","level":"ERROR","msg":"falha ao consultar idempotencia; autoridade duravel indisponivel","component":"orbita","error":"dial tcp: lookup postgres on 127.0.0.11:53: no such host"}
{"time":"2026-09-07T02:46:25.735241431Z","level":"INFO","msg":"http_request","component":"orbita","method":"POST","path":"/v1/protocols","status":503,"duration_ms":12}
{"time":"2026-09-07T02:46:25.836911642Z","level":"ERROR","msg":"deadline timer: falha ao buscar protocolos vencidos","component":"orbita","error":"orbita: buscar deadlines vencidos: dial tcp: lookup postgres on 127.0.0.11:53: no such host"}
{"time":"2026-09-07T02:46:25.83692148Z","level":"ERROR","msg":"outbox: falha ao buscar pendentes","component":"orbita","error":"outbox: buscar pendentes: dial tcp: lookup postgres on 127.0.0.11:53: no such host","aggregate_type":"protocol"}
