{"time":"2026-09-07T02:39:15.056404096Z","level":"INFO","msg":"http server starting","component":"pulsar","addr":":8083"}
{"time":"2026-09-07T02:39:16.002495562Z","level":"INFO","msg":"http_request","component":"pulsar","method":"GET","path":"/healthz/ready","status":200,"duration_ms":0}
{"time":"2026-09-07T02:39:16.098041819Z","level":"INFO","msg":"http_request","component":"pulsar","method":"POST","path":"/internal/destinations","status":201,"duration_ms":3}
{"time":"2026-09-07T02:40:15.778463209Z","level":"INFO","msg":"http_request","component":"pulsar","method":"GET","path":"/healthz/ready","status":200,"duration_ms":0}
{"time":"2026-09-07T02:40:15.90403017Z","level":"INFO","msg":"http_request","component":"pulsar","method":"POST","path":"/internal/destinations","status":201,"duration_ms":2}
{"time":"2026-09-07T02:41:02.010985889Z","level":"DEBUG","msg":"pulsar: fato de protocolo recebido","component":"pulsar","trace_id":"01a079bd-8e17-7e64-ac56-d2c41919dd06","protocol_id":"01a079bd-8e1d-71a5-a5f2-d50f7a37486f","status":"SUCCEEDED"}
{"time":"2026-09-07T02:41:02.020322306Z","level":"INFO","msg":"pulsar: entrega agendada","component":"pulsar","trace_id":"01a079bd-8e17-7e64-ac56-d2c41919dd06","protocol_id":"01a079bd-8e1d-71a5-a5f2-d50f7a37486f","delivery_id":"01a079bd-923b-7f1f-80b2-7a92c894c2a9","destination":"http://webhook-sink:8091/webhook"}
{"time":"2026-09-07T02:41:02.058256921Z","level":"DEBUG","msg":"pulsar: fato de protocolo recebido","component":"pulsar","trace_id":"01a079bd-8ec5-7d3f-945e-7b8dd19099d0","protocol_id":"01a079bd-8ec7-75d2-afed-892e86ec0cb1","status":"SUCCEEDED"}
{"time":"2026-09-07T02:41:02.066082876Z","level":"DEBUG","msg":"pulsar: tenant sem destino de webhook cadastrado","component":"pulsar","trace_id":"01a079bd-8ec5-7d3f-945e-7b8dd19099d0","tenant_id":"acme-dedicated"}
{"time":"2026-09-07T02:41:02.071558594Z","level":"DEBUG","msg":"pulsar: fato de protocolo recebido","component":"pulsar","trace_id":"01a079bd-8e40-7200-a8fc-b7305154d8ad","protocol_id":"01a079bd-8e41-719e-b0c0-525c2e683cca","status":"FAILED"}
{"time":"2026-09-07T02:41:02.075997388Z","level":"INFO","msg":"pulsar: entrega agendada","component":"pulsar","trace_id":"01a079bd-8e40-7200-a8fc-b7305154d8ad","protocol_id":"01a079bd-8e41-719e-b0c0-525c2e683cca","delivery_id":"01a079bd-9278-7207-aa7f-aaaaf645853f","destination":"http://webhook-sink:8091/webhook"}
{"time":"2026-09-07T02:41:02.078719562Z","level":"DEBUG","msg":"pulsar: fato de protocolo recebido","component":"pulsar","trace_id":"01a079bd-8e9d-77c2-b230-1198e9c94bd2","protocol_id":"01a079bd-8e9e-7f08-a978-f167d32e7d5d","status":"SUCCEEDED"}
{"time":"2026-09-07T02:41:02.079265816Z","level":"DEBUG","msg":"pulsar: tenant sem destino de webhook cadastrado","component":"pulsar","trace_id":"01a079bd-8e9d-77c2-b230-1198e9c94bd2","tenant_id":"acme-strict"}
{"time":"2026-09-07T02:41:02.081465011Z","level":"DEBUG","msg":"pulsar: fato de protocolo recebido","component":"pulsar","trace_id":"01a079bd-8eeb-7e80-92a5-b47759e15bd9","protocol_id":"01a079bd-8eec-7d4a-a634-94c6e7179052","status":"FAILED"}
{"time":"2026-09-07T02:41:02.083828332Z","level":"INFO","msg":"pulsar: entrega agendada","component":"pulsar","trace_id":"01a079bd-8eeb-7e80-92a5-b47759e15bd9","protocol_id":"01a079bd-8eec-7d4a-a634-94c6e7179052","delivery_id":"01a079bd-9281-7ed9-94ff-2075f479781a","destination":"http://webhook-sink:8091/webhook"}
{"time":"2026-09-07T02:41:04.852288807Z","level":"DEBUG","msg":"pulsar: fato de protocolo recebido","component":"pulsar","trace_id":"","protocol_id":"01a079bd-8e81-7261-b12f-ca2159f88bdc","status":"SUCCEEDED"}
{"time":"2026-09-07T02:41:04.855400803Z","level":"INFO","msg":"pulsar: entrega agendada","component":"pulsar","trace_id":"","protocol_id":"01a079bd-8e81-7261-b12f-ca2159f88bdc","delivery_id":"01a079bd-9d54-7b47-ad22-29179086a268","destination":"http://webhook-sink:8091/webhook"}
{"time":"2026-09-07T02:41:05.831296588Z","level":"DEBUG","msg":"pulsar: fato de protocolo recebido","component":"pulsar","trace_id":"","protocol_id":"01a079bd-8e5d-745c-8fc6-e0aee94b9c13","status":"SUCCEEDED"}
{"time":"2026-09-07T02:41:05.834660676Z","level":"INFO","msg":"pulsar: entrega agendada","component":"pulsar","trace_id":"","protocol_id":"01a079bd-8e5d-745c-8fc6-e0aee94b9c13","delivery_id":"01a079bd-a127-7add-836f-a09a47f16672","destination":"http://webhook-sink:8091/webhook"}
{"time":"2026-09-07T02:41:05.855462554Z","level":"DEBUG","msg":"pulsar: fato de protocolo recebido","component":"pulsar","trace_id":"","protocol_id":"01a079bd-8e70-75dc-a5da-7d49134681fe","status":"SUCCEEDED"}
{"time":"2026-09-07T02:41:05.858838825Z","level":"INFO","msg":"pulsar: entrega agendada","component":"pulsar","trace_id":"","protocol_id":"01a079bd-8e70-75dc-a5da-7d49134681fe","delivery_id":"01a079bd-a13f-7e7b-a06b-f7eca776303c","destination":"http://webhook-sink:8091/webhook"}
{"time":"2026-09-07T02:41:05.867616866Z","level":"DEBUG","msg":"pulsar: fato de protocolo recebido","component":"pulsar","trace_id":"","protocol_id":"01a079bd-8e8f-7d2d-bd88-fe3e203b0779","status":"SUCCEEDED"}
{"time":"2026-09-07T02:41:05.869848911Z","level":"INFO","msg":"pulsar: entrega agendada","component":"pulsar","trace_id":"","protocol_id":"01a079bd-8e8f-7d2d-bd88-fe3e203b0779","delivery_id":"01a079bd-a14c-71b7-aa70-8560a6c52d62","destination":"http://webhook-sink:8091/webhook"}
{"time":"2026-09-07T02:42:51.833436947Z","level":"DEBUG","msg":"pulsar: fato de protocolo recebido","component":"pulsar","trace_id":"","protocol_id":"01a079be-c461-7a14-9359-256de7993dbd","status":"EXPIRED"}
{"time":"2026-09-07T02:42:51.835496369Z","level":"INFO","msg":"pulsar: entrega agendada","component":"pulsar","trace_id":"","protocol_id":"01a079be-c461-7a14-9359-256de7993dbd","delivery_id":"01a079bf-3f39-7de5-ae6d-40ef221d4d6d","destination":"http://webhook-sink:8091/webhook"}
{"time":"2026-09-07T02:43:29.832129439Z","level":"DEBUG","msg":"pulsar: fato de protocolo recebido","component":"pulsar","trace_id":"","protocol_id":"01a079bf-59ee-79fe-b71a-858c1256534b","status":"EXPIRED"}
{"time":"2026-09-07T02:43:29.834752549Z","level":"INFO","msg":"pulsar: entrega agendada","component":"pulsar","trace_id":"","protocol_id":"01a079bf-59ee-79fe-b71a-858c1256534b","delivery_id":"01a079bf-d3a8-7b0c-b4f5-983cb904364b","destination":"http://webhook-sink:8091/webhook"}
{"time":"2026-09-07T02:46:25.120141855Z","level":"ERROR","msg":"pulsar: falha ao buscar entregas devidas","component":"pulsar","error":"pulsar: buscar entregas devidas: dial tcp: lookup postgres on 127.0.0.11:53: no such host"}
