 Image ai-hub-r2-admin-ui:r2 Building 
#1 [internal] load local bake definitions
#1 reading from stdin 576B done
#1 DONE 0.0s

#2 [internal] load build definition from Dockerfile.ui
#2 transferring dockerfile:
#2 transferring dockerfile: 528B done
#2 DONE 0.0s

#3 [internal] load metadata for docker.io/library/node:22.23.2-alpine
#3 ...

#4 [auth] nginxinc/nginx-unprivileged:pull token for registry-1.docker.io
#4 DONE 0.0s

#5 [auth] library/node:pull token for registry-1.docker.io
#5 DONE 0.0s

#6 [internal] load metadata for docker.io/nginxinc/nginx-unprivileged:1.28.0-alpine
#6 ...

#3 [internal] load metadata for docker.io/library/node:22.23.2-alpine
#3 DONE 1.3s

#6 [internal] load metadata for docker.io/nginxinc/nginx-unprivileged:1.28.0-alpine
#6 DONE 1.3s

#7 [internal] load .dockerignore
#7 transferring context: 107B done
#7 DONE 0.0s

#8 [build 1/6] FROM docker.io/library/node:22.23.2-alpine@sha256:c610fcdfb1d5b4740dd70c284ed3cb16bb857e0f7166196e36a5501df7a3aa32
#8 resolve docker.io/library/node:22.23.2-alpine@sha256:c610fcdfb1d5b4740dd70c284ed3cb16bb857e0f7166196e36a5501df7a3aa32 0.0s done
#8 DONE 0.0s

#9 [stage-1 1/3] FROM docker.io/nginxinc/nginx-unprivileged:1.28.0-alpine@sha256:c97ff0bf7cbae369953c6da1232ec14ad9f971d66360c5698db0856a4cd657a0
#9 resolve docker.io/nginxinc/nginx-unprivileged:1.28.0-alpine@sha256:c97ff0bf7cbae369953c6da1232ec14ad9f971d66360c5698db0856a4cd657a0 0.0s done
#9 DONE 0.0s

#10 [internal] load build context
#10 transferring context: 7.73kB done
#10 DONE 0.0s

#11 [build 2/6] WORKDIR /app
#11 CACHED

#12 [build 3/6] COPY admin-ui/package*.json ./
#12 CACHED

#13 [build 4/6] RUN npm ci --ignore-scripts
#13 CACHED

#14 [build 5/6] COPY admin-ui/ ./
#14 DONE 0.1s

#15 [build 6/6] RUN npm run build
#15 0.614 
#15 0.614 > atlas-admin-ui@0.1.0 build
#15 0.614 > tsc --noEmit && vite build
#15 0.614 
#15 3.037 vite v5.4.21 building for production...
#15 3.084 transforming...
#15 3.773 ✓ 38 modules transformed.
#15 3.873 rendering chunks...
#15 3.881 computing gzip size...
#15 3.890 dist/index.html                   0.42 kB │ gzip:  0.29 kB
#15 3.890 dist/assets/index-ChadTzQl.css    5.58 kB │ gzip:  1.87 kB
#15 3.890 dist/assets/index-C-Z5xbM-.js   181.07 kB │ gzip: 57.59 kB
#15 3.891 ✓ built in 831ms
#15 DONE 3.9s

#16 [stage-1 2/3] COPY deploy/r2/nginx.conf /etc/nginx/conf.d/default.conf
#16 CACHED

#17 [stage-1 3/3] COPY --from=build /app/dist /usr/share/nginx/html
#17 DONE 0.1s

#18 exporting to image
#18 exporting layers 0.1s done
#18 exporting manifest sha256:2de6008c9846c85aa9b43903f63464ef23aa090691056c8724f9cf769be7c10f 0.0s done
#18 exporting config sha256:0f7cb38acd25d165a188e10280d51d6cb6f72e8b19293de0f225b8fcee47c09f 0.0s done
#18 exporting attestation manifest sha256:24e9efc93f2a5f0120cfde4a0d29d157bd0d6f3455b9845693ddd55be9704c72 0.0s done
#18 exporting manifest list sha256:b1af4c659f8cb2b54cc62286f0fe745374b3bc101fc1d8822b4fd8cc72067837
#18 exporting manifest list sha256:b1af4c659f8cb2b54cc62286f0fe745374b3bc101fc1d8822b4fd8cc72067837 0.0s done
#18 naming to docker.io/library/ai-hub-r2-admin-ui:r2 done
#18 unpacking to docker.io/library/ai-hub-r2-admin-ui:r2 0.0s done
#18 DONE 0.3s

#19 resolving provenance for metadata file
#19 DONE 0.0s
 Image ai-hub-r2-admin-ui:r2 Built 
 Container ai-hub-r2-admin-ui-1 Recreate 
 Container ai-hub-r2-admin-ui-1 Recreated 
 Container ai-hub-r2-admin-ui-1 Starting 
 Container ai-hub-r2-admin-ui-1 Started 
