### 1. SYNC sucesso (consulta-cadastral, prov-sync-1, tenant acme)
{"protocol_id":"01a08d8f-3f3d-7116-9d71-97516ee58d9b","status":"SUCCEEDED","result_version":1,"mode":"SYNC","final_body":{"protocol_id":"01a08d8f-3f3d-7116-9d71-97516ee58d9b","status":"SUCCEEDED","result_version":1,"result":{"provider_request_id":"prov-req-000001","status":"SUCCEEDED"}}}
HTTP 200

### 2. SYNC falha forcada
{"protocol_id":"01a08d8f-3f80-72e4-af54-460666276611","status":"FAILED","result_version":1,"mode":"SYNC","final_body":{"protocol_id":"01a08d8f-3f80-72e4-af54-460666276611","status":"FAILED","result_version":1,"result":{"provider_request_id":"prov-req-000002","status":"FAILED"}}}
HTTP 200

### 3. ASYNC polling, produto assincrono, provedor A (prov-poll-1)
{"mode":"ASYNC","protocol_id":"01a08d8f-3fa6-7002-b002-cebad64e48e5","result_version":0,"status":"ACCEPTED"}

HTTP 202

### 4. ASYNC polling, produto assincrono, provedor B (prov-poll-2)
{"mode":"ASYNC","protocol_id":"01a08d8f-3fbb-7e9e-94b0-410cf52d6611","result_version":0,"status":"ACCEPTED"}

HTTP 202

### 5. ASYNC callback
{"mode":"ASYNC","protocol_id":"01a08d8f-3fd1-70dc-8161-5e9028809694","result_version":0,"status":"ACCEPTED"}

HTTP 202

### 6. AUTO
{"protocol_id":"01a08d8f-3fe5-7d75-8043-4e35ddbd3560","status":"SUCCEEDED","result_version":1,"mode":"AUTO","final_body":{"protocol_id":"01a08d8f-3fe5-7d75-8043-4e35ddbd3560","status":"SUCCEEDED","result_version":1,"result":{"provider_request_id":"prov-req-000006","status":"SUCCEEDED"}}}
HTTP 200

### 7. Saldo estrito - reserva dentro do limite (tenant acme-strict)
{"protocol_id":"01a08d8f-5031-7186-ad40-2252306c5dae","status":"SUCCEEDED","result_version":1,"mode":"SYNC","final_body":{"protocol_id":"01a08d8f-5031-7186-ad40-2252306c5dae","status":"SUCCEEDED","result_version":1,"result":{"provider_request_id":"prov-req-000007","status":"SUCCEEDED"}}}
HTTP 200

### 8. Credencial dedicada (tenant acme-dedicated)
{"protocol_id":"01a08d8f-5052-7302-87ae-ce4a6380dca0","status":"SUCCEEDED","result_version":1,"mode":"SYNC","final_body":{"protocol_id":"01a08d8f-5052-7302-87ae-ce4a6380dca0","status":"SUCCEEDED","result_version":1,"result":{"provider_request_id":"prov-req-000008","status":"SUCCEEDED"}}}
HTTP 200

### 9. Cadastrando conta de provedor sem credencial (para o cenario de recusa)
{"error":"use_versioned_catalog","message":"Gone"}

### 9b. SYNC com credencial indisponivel (SEG-05, sem fallback)
{"error":"offer_not_eligible","message":"oferta publicada indisponível para aplicação e serviço"}

HTTP 403

### 10. Idempotencia - repeticao da chave do item 1 (mesmo payload)
{"protocol_id":"01a08d8f-3f3d-7116-9d71-97516ee58d9b","status":"SUCCEEDED","result_version":1,"mode":"SYNC","final_body":{"protocol_id":"01a08d8f-3f3d-7116-9d71-97516ee58d9b","status":"SUCCEEDED","result_version":1,"result":{"provider_request_id":"prov-req-000001","status":"SUCCEEDED"}}}
HTTP 200

Aguardando 6s para as operacoes assincronas (itens 3-6) resolverem...
trafego gerado. Consulte hub/evidence/db, hub/evidence/queues e hub/evidence/logs para a evidencia capturada a partir daqui.
