[
  {
    "check": "OIDC Authorization Code PKCE + password + OTP in Chromium",
    "status": "PASS"
  },
  {
    "check": "URL navigation and real authenticated provider list",
    "status": "PASS"
  },
  {
    "check": "No persistent token and PKCE transaction removed",
    "status": "PASS",
    "storageKeys": {
      "local": [],
      "session": []
    }
  },
  {
    "check": "390px viewport has no page overflow",
    "status": "FAIL",
    "dimensions": [
      {
        "element": "app-shell",
        "width": 390,
        "right": 390,
        "display": "flex",
        "direction": "row"
      },
      {
        "element": "app-header",
        "width": 206.671875,
        "right": 206.671875,
        "display": "block",
        "direction": "row"
      },
      {
        "element": "app-nav",
        "width": 46.921875,
        "right": 253.59375,
        "display": "flex",
        "direction": "row"
      },
      {
        "element": "app-main",
        "width": 390,
        "right": 643.59375,
        "display": "block",
        "direction": "row"
      }
    ]
  },
  {
    "check": "Single-property flex-direction hypothesis",
    "status": "PASS",
    "after": {
      "width": 390,
      "viewport": 390
    }
  },
  {
    "check": "Logout navigation",
    "status": "OBSERVED",
    "origin": "http://localhost:18085"
  }
]
