{
  "key": "r4-product-parallel-20260911qual2",
  "evidence": [
    {
      "check": "admissão HTTP do produto composto",
      "status": "PASS",
      "protocol_id": "01a0915a-93da-780b-a6bc-3345ec68c4f8",
      "initial_status": 202
    },
    {
      "check": "consulta pública retorna consolidação terminal do produto",
      "status": "PASS",
      "final_status": "SUCCEEDED",
      "final_body": {
        "protocol_id": "01a0915a-93da-780b-a6bc-3345ec68c4f8",
        "status": "SUCCEEDED",
        "result_version": 1,
        "result": {
          "failed_steps": [],
          "skipped_steps": [],
          "steps": {
            "etapa_a": {
              "provider_request_id": "prov-req-000002",
              "status": "SUCCEEDED"
            },
            "etapa_b": {
              "provider_request_id": "prov-req-000003",
              "status": "SUCCEEDED"
            }
          }
        }
      }
    },
    {
      "check": "oráculo PostgreSQL confirma plano, duas etapas e duas operações",
      "status": "PASS",
      "durable": {
        "plans": 1,
        "max_parallel": 2,
        "succeeded_steps": 2,
        "operations": 2,
        "protocols": 1,
        "operation_start_spread_ms": 35
      }
    },
    {
      "check": "oráculo do provider-sim confirma dois efeitos externos independentes",
      "status": "PASS",
      "before": {
        "effects": 1,
        "protocols": 1
      },
      "after": {
        "effects": 3,
        "protocols": 3
      }
    },
    {
      "check": "repetição da chave não cria novo plano ou efeito",
      "status": "PASS",
      "same_protocol": true,
      "durable_after_duplicate": {
        "plans": 1,
        "max_parallel": 2,
        "succeeded_steps": 2,
        "operations": 2,
        "protocols": 1,
        "operation_start_spread_ms": 35
      },
      "external_after_duplicate": {
        "effects": 3,
        "protocols": 3
      }
    }
  ]
}
