 Container ai-hub-r2-postgres-1 Running 
 Container ai-hub-r2-migrate-1 Creating 
 Container ai-hub-r2-migrate-1 Created 
 Container ai-hub-r2-libra-1 Creating 
 Container ai-hub-r2-atlas-1 Creating 
 Container ai-hub-r2-cometa-1 Creating 
 Container ai-hub-r2-orbita-1 Creating 
 Container ai-hub-r2-pulsar-1 Creating 
 Container ai-hub-r2-pulsar-1 Created 
 Container ai-hub-r2-libra-1 Created 
 Container ai-hub-r2-atlas-1 Created 
 Container ai-hub-r2-cometa-1 Created 
 Container ai-hub-r2-orbita-1 Created 
 Container ai-hub-r2-postgres-1 Waiting 
 Container ai-hub-r2-postgres-1 Healthy 
 Container ai-hub-r2-migrate-1 Starting 
 Container ai-hub-r2-migrate-1 Started 
 Container ai-hub-r2-migrate-1 Waiting 
 Container ai-hub-r2-migrate-1 Waiting 
 Container ai-hub-r2-migrate-1 Waiting 
 Container ai-hub-r2-migrate-1 Waiting 
 Container ai-hub-r2-migrate-1 Waiting 
 Container ai-hub-r2-migrate-1 Exited 
 Container ai-hub-r2-migrate-1 Exited 
 Container ai-hub-r2-cometa-1 Starting 
 Container ai-hub-r2-migrate-1 Exited 
 Container ai-hub-r2-pulsar-1 Starting 
 Container ai-hub-r2-atlas-1 Starting 
 Container ai-hub-r2-migrate-1 Exited 
 Container ai-hub-r2-libra-1 Starting 
 Container ai-hub-r2-migrate-1 Exited 
 Container ai-hub-r2-orbita-1 Starting 
 Container ai-hub-r2-libra-1 Started 
 Container ai-hub-r2-cometa-1 Started 
 Container ai-hub-r2-pulsar-1 Started 
 Container ai-hub-r2-atlas-1 Started 
 Container ai-hub-r2-orbita-1 Started 
