 Image ai-hub-r2-admin-ui:r2 Building 
 Image ai-hub-r2-cometa:r2 Building 
 Image ai-hub-r2-libra:r2 Building 
 Image ai-hub-r2-atlas:r2 Building 
 Image ai-hub-r2-pulsar:r2 Building 
 Image ai-hub-r2-orbita:r2 Building 
#1 [internal] load local bake definitions
#1 reading from stdin 3.21kB done
#1 DONE 0.0s

#2 [admin-ui internal] load build definition from Dockerfile.ui
#2 transferring dockerfile: 528B done
#2 DONE 0.0s

#3 [cometa internal] load build definition from Dockerfile
#3 transferring dockerfile: 686B done
#3 DONE 0.0s

#4 [pulsar internal] load metadata for docker.io/library/golang:1.24-bookworm@sha256:1a6d4452c65dea36aac2e2d606b01b4a029ec90cc1ae53890540ce6173ea77ac
#4 DONE 0.0s

#5 [libra internal] load metadata for gcr.io/distroless/static-debian12@sha256:d75cdd72874d4790092fcb1b058493ecf6bb5bf2b2b897045b00ff01d91843f2
#5 DONE 0.0s

#6 [atlas internal] load .dockerignore
#6 transferring context: 107B done
#6 DONE 0.0s

#7 [libra build 1/6] FROM docker.io/library/golang:1.24-bookworm@sha256:1a6d4452c65dea36aac2e2d606b01b4a029ec90cc1ae53890540ce6173ea77ac
#7 resolve docker.io/library/golang:1.24-bookworm@sha256:1a6d4452c65dea36aac2e2d606b01b4a029ec90cc1ae53890540ce6173ea77ac 0.0s done
#7 DONE 0.0s

#8 [pulsar stage-1 1/2] FROM gcr.io/distroless/static-debian12@sha256:d75cdd72874d4790092fcb1b058493ecf6bb5bf2b2b897045b00ff01d91843f2
#8 resolve gcr.io/distroless/static-debian12@sha256:d75cdd72874d4790092fcb1b058493ecf6bb5bf2b2b897045b00ff01d91843f2 0.0s done
#8 DONE 0.0s

#9 [cometa internal] load build context
#9 transferring context: 11.84kB done
#9 DONE 0.0s

#10 [atlas build 4/6] RUN go mod download
#10 CACHED

#11 [libra build 4/6] RUN go mod download
#11 CACHED

#12 [libra build 2/6] WORKDIR /src
#12 CACHED

#13 [libra build 3/6] COPY go.mod go.sum ./
#13 CACHED

#14 [cometa build 4/6] RUN go mod download
#14 CACHED

#15 [orbita build 4/6] RUN go mod download
#15 CACHED

#16 [pulsar build 4/6] RUN go mod download
#16 CACHED

#17 [orbita build 5/6] COPY . .
#17 ...

#18 [libra build 5/6] COPY . .
#18 DONE 0.6s

#19 [cometa build 5/6] COPY . .
#19 DONE 0.6s

#20 [atlas build 5/6] COPY . .
#20 DONE 0.7s

#21 [pulsar build 5/6] COPY . .
#21 DONE 0.7s

#17 [orbita build 5/6] COPY . .
#17 DONE 0.7s

#22 [auth] library/node:pull token for registry-1.docker.io
#22 DONE 0.0s

#23 [auth] nginxinc/nginx-unprivileged:pull token for registry-1.docker.io
#23 DONE 0.0s

#24 [orbita build 6/6] RUN CGO_ENABLED=0 GOOS=linux go build -o /out/service ./cmd/orbita
#24 ...

#25 [admin-ui internal] load metadata for docker.io/nginxinc/nginx-unprivileged:1.28.0-alpine
#25 DONE 1.4s

#6 [admin-ui internal] load .dockerignore
#6 transferring context: 107B done
#6 DONE 0.0s

#26 [admin-ui internal] load metadata for docker.io/library/node:22.23.2-alpine
#26 DONE 1.4s

#27 [admin-ui stage-1 1/3] FROM docker.io/nginxinc/nginx-unprivileged:1.28.0-alpine@sha256:c97ff0bf7cbae369953c6da1232ec14ad9f971d66360c5698db0856a4cd657a0
#27 resolve docker.io/nginxinc/nginx-unprivileged:1.28.0-alpine@sha256:c97ff0bf7cbae369953c6da1232ec14ad9f971d66360c5698db0856a4cd657a0 0.0s done
#27 DONE 0.1s

#28 [admin-ui build 1/6] FROM docker.io/library/node:22.23.2-alpine@sha256:c610fcdfb1d5b4740dd70c284ed3cb16bb857e0f7166196e36a5501df7a3aa32
#28 resolve docker.io/library/node:22.23.2-alpine@sha256:c610fcdfb1d5b4740dd70c284ed3cb16bb857e0f7166196e36a5501df7a3aa32 0.0s done
#28 DONE 0.1s

#29 [admin-ui internal] load build context
#29 transferring context: 31.84kB 0.0s done
#29 DONE 0.0s

#30 [pulsar build 6/6] RUN CGO_ENABLED=0 GOOS=linux go build -o /out/service ./cmd/pulsar
#30 ...

#31 [admin-ui build 2/6] WORKDIR /app
#31 CACHED

#32 [admin-ui build 3/6] COPY admin-ui/package*.json ./
#32 CACHED

#33 [admin-ui build 4/6] RUN npm ci --ignore-scripts
#33 CACHED

#34 [admin-ui build 5/6] COPY admin-ui/ ./
#34 DONE 0.2s

#35 [atlas build 6/6] RUN CGO_ENABLED=0 GOOS=linux go build -o /out/service ./cmd/atlas
#35 ...

#36 [admin-ui build 6/6] RUN npm run build
#36 1.046 
#36 1.046 > atlas-admin-ui@0.1.0 build
#36 1.046 > tsc --noEmit && vite build
#36 1.046 
#36 7.324 vite v5.4.21 building for production...
#36 7.447 transforming...
#36 ...

#37 [cometa build 6/6] RUN CGO_ENABLED=0 GOOS=linux go build -o /out/service ./cmd/cometa
#37 ...

#38 [libra build 6/6] RUN CGO_ENABLED=0 GOOS=linux go build -o /out/service ./cmd/libra
#38 ...

#36 [admin-ui build 6/6] RUN npm run build
#36 9.813 ✓ 38 modules transformed.
#36 10.14 rendering chunks...
#36 10.16 computing gzip size...
#36 10.19 dist/index.html                   0.42 kB │ gzip:  0.29 kB
#36 10.20 dist/assets/index-ChadTzQl.css    5.58 kB │ gzip:  1.87 kB
#36 10.20 dist/assets/index-6I9ee3gQ.js   181.94 kB │ gzip: 57.93 kB
#36 10.20 ✓ built in 2.83s
#36 DONE 12.0s

#38 [libra build 6/6] RUN CGO_ENABLED=0 GOOS=linux go build -o /out/service ./cmd/libra
#38 ...

#39 [admin-ui stage-1 2/3] COPY deploy/r2/nginx.conf /etc/nginx/conf.d/default.conf
#39 CACHED

#40 [admin-ui stage-1 3/3] COPY --from=build /app/dist /usr/share/nginx/html
#40 DONE 0.7s

#38 [libra build 6/6] RUN CGO_ENABLED=0 GOOS=linux go build -o /out/service ./cmd/libra
#38 ...

#41 [admin-ui] exporting to image
#41 exporting layers
#41 exporting layers 0.3s done
#41 exporting manifest sha256:6d9ec50175355543a2da243b8d48dfddd071f5ad3f24acc38a42e5fc4811759d
#41 exporting manifest sha256:6d9ec50175355543a2da243b8d48dfddd071f5ad3f24acc38a42e5fc4811759d 0.1s done
#41 exporting config sha256:70ccfd855d3501b799b61433145c8daaf45a593846c0bda0dff8451fcd2e1b7d 0.1s done
#41 exporting attestation manifest sha256:78695028cea4896ede9c3d16372d377b6337b9a9d5a593eef818c4702c946b63 0.1s done
#41 exporting manifest list sha256:acdfe9c87147f8197b8dea2224abb911b0dc5b470bbe255e939e6a93505a0f6a
#41 exporting manifest list sha256:acdfe9c87147f8197b8dea2224abb911b0dc5b470bbe255e939e6a93505a0f6a 0.0s done
#41 naming to docker.io/library/ai-hub-r2-admin-ui:r2 done
#41 unpacking to docker.io/library/ai-hub-r2-admin-ui:r2 0.1s done
#41 DONE 0.8s

#38 [libra build 6/6] RUN CGO_ENABLED=0 GOOS=linux go build -o /out/service ./cmd/libra
#38 ...

#42 [admin-ui] resolving provenance for metadata file
#42 DONE 0.0s

#38 [libra build 6/6] RUN CGO_ENABLED=0 GOOS=linux go build -o /out/service ./cmd/libra
#38 ...

#35 [atlas build 6/6] RUN CGO_ENABLED=0 GOOS=linux go build -o /out/service ./cmd/atlas
#35 DONE 20.0s

#8 [orbita stage-1 1/2] FROM gcr.io/distroless/static-debian12@sha256:d75cdd72874d4790092fcb1b058493ecf6bb5bf2b2b897045b00ff01d91843f2
#8 CACHED

#43 [atlas stage-1 2/2] COPY --from=build /out/service /service
#43 DONE 0.4s

#37 [cometa build 6/6] RUN CGO_ENABLED=0 GOOS=linux go build -o /out/service ./cmd/cometa
#37 ...

#44 [atlas] exporting to image
#44 exporting layers
#44 exporting layers 1.0s done
#44 exporting manifest sha256:2bba42a768febed1cb96bd721dd7620f3200224bca0a1a3696c316223935e922 0.0s done
#44 exporting config sha256:e2eada4ee5a6b6dae6f39486fda0edc69467966b22711321e8b0c25a7131ad6c 0.0s done
#44 exporting attestation manifest sha256:d7500d62998faa6f45485389383c018e9184b6063933d334835afb137c0757d1
#44 exporting attestation manifest sha256:d7500d62998faa6f45485389383c018e9184b6063933d334835afb137c0757d1 0.1s done
#44 exporting manifest list sha256:18c964110e3b2afff1bc3c1b2350e94c30aef160292d5d71506e4718db90912d 0.0s done
#44 naming to docker.io/library/ai-hub-r2-atlas:r2
#44 naming to docker.io/library/ai-hub-r2-atlas:r2 done
#44 unpacking to docker.io/library/ai-hub-r2-atlas:r2 0.1s done
#44 DONE 1.4s

#38 [libra build 6/6] RUN CGO_ENABLED=0 GOOS=linux go build -o /out/service ./cmd/libra
#38 ...

#45 [atlas] resolving provenance for metadata file
#45 DONE 0.0s

#38 [libra build 6/6] RUN CGO_ENABLED=0 GOOS=linux go build -o /out/service ./cmd/libra
#38 DONE 27.0s

#24 [orbita build 6/6] RUN CGO_ENABLED=0 GOOS=linux go build -o /out/service ./cmd/orbita
#24 ...

#46 [libra stage-1 2/2] COPY --from=build /out/service /service
#46 ...

#30 [pulsar build 6/6] RUN CGO_ENABLED=0 GOOS=linux go build -o /out/service ./cmd/pulsar
#30 DONE 28.4s

#37 [cometa build 6/6] RUN CGO_ENABLED=0 GOOS=linux go build -o /out/service ./cmd/cometa
#37 DONE 28.5s

#46 [libra stage-1 2/2] COPY --from=build /out/service /service
#46 DONE 1.5s

#47 [libra] exporting to image
#47 exporting layers
#47 ...

#24 [orbita build 6/6] RUN CGO_ENABLED=0 GOOS=linux go build -o /out/service ./cmd/orbita
#24 DONE 28.8s

#48 [pulsar stage-1 2/2] COPY --from=build /out/service /service
#48 DONE 0.3s

#49 [cometa stage-1 2/2] COPY --from=build /out/service /service
#49 DONE 0.3s

#50 [cometa] exporting to image
#50 ...

#51 [orbita stage-1 2/2] COPY --from=build /out/service /service
#51 DONE 0.2s

#52 [orbita] exporting to image
#52 ...

#47 [libra] exporting to image
#47 exporting layers 0.8s done
#47 exporting manifest sha256:7c2e561f3fee35a7d11e7ec2e6fd186b394c8eb9499edbfbc475eb85f812832c 0.0s done
#47 exporting config sha256:d96a163052d33c260bad7191c55de5a7b5889e1049981b7d73ae821e659f2b65 0.0s done
#47 exporting attestation manifest sha256:0f368e665f04e86738eec8099d411464f5c2f0459bd3c15c57b222f9d6cd0b51 0.1s done
#47 exporting manifest list sha256:f3213d710fe426e0f59fda483c4317ec39848fe502ec5324ac903877fb2c3d04 0.0s done
#47 naming to docker.io/library/ai-hub-r2-libra:r2 0.0s done
#47 unpacking to docker.io/library/ai-hub-r2-libra:r2 0.2s done
#47 DONE 1.2s

#52 [orbita] exporting to image
#52 exporting layers 0.7s done
#52 exporting manifest sha256:5eb0bb376ac7fbcc263e8e4e0e3b7e7be2edbc49d2248eefc86a402a1c2c288c 0.1s done
#52 exporting config sha256:5e7a3d40e57649b53daea581275ed6057e76df62c974a94fb17552315c855dd4
#52 exporting config sha256:5e7a3d40e57649b53daea581275ed6057e76df62c974a94fb17552315c855dd4 0.1s done
#52 exporting attestation manifest sha256:b7b2e5ce64a5ead2c33f16eb84c4c0722e6d2d06354631178d917748604b4df2
#52 ...

#53 [pulsar] exporting to image
#53 exporting layers 0.7s done
#53 exporting manifest sha256:da9ea7ed380f8f751844667521f3481e5e254f831fd0ef0ad771e16b99351289 0.0s done
#53 exporting config sha256:5f2be5b686add7c6f458ddb36a1f1471690132101dc03c9648998c53b749b793 0.1s done
#53 exporting attestation manifest sha256:2312aead0d47c742d46d39cd3a239823b563f663c80f0822b0b35d1d24d4834c 0.1s done
#53 exporting manifest list sha256:2f2a6e7556871dac6244741a30d2d5bad54b5e0352f71f93bc8713b1f2c43cff 0.1s done
#53 naming to docker.io/library/ai-hub-r2-pulsar:r2 0.0s done
#53 unpacking to docker.io/library/ai-hub-r2-pulsar:r2 0.1s done
#53 DONE 1.2s

#52 [orbita] exporting to image
#52 exporting attestation manifest sha256:b7b2e5ce64a5ead2c33f16eb84c4c0722e6d2d06354631178d917748604b4df2 0.1s done
#52 exporting manifest list sha256:6a689b3d66d605a88bbc0c4fbdffbe13ae24d94e2123475ba21c312e03a2f27f 0.0s done
#52 naming to docker.io/library/ai-hub-r2-orbita:r2 0.0s done
#52 unpacking to docker.io/library/ai-hub-r2-orbita:r2
#52 unpacking to docker.io/library/ai-hub-r2-orbita:r2 0.1s done
#52 DONE 1.2s

#50 [cometa] exporting to image
#50 exporting layers 0.7s done
#50 exporting manifest sha256:6fb353c423fbd06cb576b22a68c7d3cd22af58e910b3478fa7f3d2903b624434 0.1s done
#50 exporting config sha256:43cdb630f78c7260fbaa1c74875fe6d6b14037a3e977e6ab2c4cec8ac9847528 0.0s done
#50 exporting attestation manifest sha256:11aed5d754bfecc2964c73a201e986d2887095749a05c361af5428aeddf942f0 0.1s done
#50 exporting manifest list sha256:1263677db802207afd7552cf9ccf0a4cf2ec0c0091ebb047cb180a13030715bf 0.0s done
#50 naming to docker.io/library/ai-hub-r2-cometa:r2 0.0s done
#50 unpacking to docker.io/library/ai-hub-r2-cometa:r2 0.1s done
#50 DONE 1.3s

#54 [libra] resolving provenance for metadata file
#54 DONE 0.2s

#55 [pulsar] resolving provenance for metadata file
#55 DONE 0.1s

#56 [cometa] resolving provenance for metadata file
#56 DONE 0.1s

#57 [orbita] resolving provenance for metadata file
#57 DONE 0.0s
 Image ai-hub-r2-cometa:r2 Built 
 Image ai-hub-r2-pulsar:r2 Built 
 Image ai-hub-r2-libra:r2 Built 
 Image ai-hub-r2-admin-ui:r2 Built 
 Image ai-hub-r2-atlas:r2 Built 
 Image ai-hub-r2-orbita:r2 Built 
