=== RUN   TestPostgresSubmissionAndObservationCustody
    custody_test.go:101: 24 submit contenders: one owner and prewritten attempt; 12 observations: one terminal fact; actual response retained; tenant conflict denied; late UNKNOWN preserved as receipt
--- PASS: TestPostgresSubmissionAndObservationCustody (0.13s)
=== RUN   TestPostgresPendingCustodyAtomic
    custody_test.go:161: real PostgreSQL: failed polling budget rolls back state and receipt; valid acceptance conserves correlation, receipt, schedule, result and outbox
--- PASS: TestPostgresPendingCustodyAtomic (0.05s)
=== RUN   TestPostgresOperationResourceScope
=== RUN   TestPostgresOperationResourceScope/authorized
=== RUN   TestPostgresOperationResourceScope/other_tenant
=== RUN   TestPostgresOperationResourceScope/other_application
=== RUN   TestPostgresOperationResourceScope/other_cell
=== RUN   TestPostgresOperationResourceScope/human_token
=== RUN   TestPostgresOperationResourceScope/missing_scope
=== NAME  TestPostgresOperationResourceScope
    handlers_test.go:69: real PostgreSQL + HTTP handler: workload resource scope enforced for tenant/application/cell; humans denied; binding references omitted
--- PASS: TestPostgresOperationResourceScope (0.03s)
    --- PASS: TestPostgresOperationResourceScope/authorized (0.00s)
    --- PASS: TestPostgresOperationResourceScope/other_tenant (0.00s)
    --- PASS: TestPostgresOperationResourceScope/other_application (0.00s)
    --- PASS: TestPostgresOperationResourceScope/other_cell (0.00s)
    --- PASS: TestPostgresOperationResourceScope/human_token (0.00s)
    --- PASS: TestPostgresOperationResourceScope/missing_scope (0.00s)
PASS
ok  	ai-hub/hub/internal/cometa	1.229s
=== RUN   TestOperationFactPostgresCustody
    factconsumer_test.go:119: real PostgreSQL: failed final persistence forbids ACK; receipt survives; 12 redeliveries produce one final/outbox; unknown kind, application mismatch and identity conflict quarantined
--- PASS: TestOperationFactPostgresCustody (0.14s)
PASS
ok  	ai-hub/hub/internal/orbita	1.155s
