AI Hub R4 — evidência de custódia de resultado volumoso
Data: 2026-09-11
Branch: main
Commits: 869f141 (resultado) e33cf3f (fencing)
Ambiente: ai_hub_r3qual; PostgreSQL 127.0.0.1:15432; LocalStack 127.0.0.1:14566

1. Teste de integração do finalizador com PostgreSQL
Comando:
R2_CORE_TEST_DSN=postgres://... go test -count=1 ./internal/orbita -run TestFinalizeMaterializesLargeResultAndLinksAfterCommit -v
Resultado: PASS
Verificação: payload acima de 1 MiB foi enviado pela fronteira ResultCatalog, a
representação persistida expôs FileRef estável e LinkResult ocorreu depois do
commit durável do protocolo.

2. Teste real de objeto com PostgreSQL + LocalStack
Comando:
AWS_ACCESS_KEY_ID=test AWS_SECRET_ACCESS_KEY=test AWS_SESSION_TOKEN=test
AWS_REGION=us-east-1 AWS_EC2_METADATA_DISABLED=true
R2_CORE_TEST_DSN=postgres://... R2_S3_TEST_ENDPOINT=http://127.0.0.1:14566
go test -tags=e2e -count=1 ./internal/objectstore -run
TestPostgresS3MultipartFileRef -v
Resultado: PASS; upload multipart/streaming de 16.777.344 bytes em 3 partes,
verificação/download, pin e expurgo do objeto não fixado.

3. Gates após a integração
- go test -count=1 ./...: PASS
- go test -race -count=1 ./internal/orbita ./internal/cometa
  ./internal/objectstore ./internal/libra ./internal/atlas ./internal/pulsar: PASS
- go vet ./...: PASS
- npm run build em hub/admin-ui: PASS; TypeScript/Vite, 41 módulos

Limite: o teste real usa LocalStack. Homologação de adapter/provedor comercial,
AWS regional, políticas de retenção produtivas e recuperação multi-região
continuam gates externos e não são inferidos a partir deste laboratório.
