serviceaccount/metrics-server created
clusterrole.rbac.authorization.k8s.io/system:aggregated-metrics-reader created
clusterrole.rbac.authorization.k8s.io/system:metrics-server created
rolebinding.rbac.authorization.k8s.io/metrics-server-auth-reader created
clusterrolebinding.rbac.authorization.k8s.io/metrics-server:system:auth-delegator created
clusterrolebinding.rbac.authorization.k8s.io/system:metrics-server created
service/metrics-server created
deployment.apps/metrics-server created
apiservice.apiregistration.k8s.io/v1beta1.metrics.k8s.io created
deployment.apps/metrics-server patched
namespace/keda serverside-applied
customresourcedefinition.apiextensions.k8s.io/cloudeventsources.eventing.keda.sh serverside-applied
customresourcedefinition.apiextensions.k8s.io/clustercloudeventsources.eventing.keda.sh serverside-applied
customresourcedefinition.apiextensions.k8s.io/clustertriggerauthentications.keda.sh serverside-applied
customresourcedefinition.apiextensions.k8s.io/scaledjobs.keda.sh serverside-applied
customresourcedefinition.apiextensions.k8s.io/scaledobjects.keda.sh serverside-applied
customresourcedefinition.apiextensions.k8s.io/triggerauthentications.keda.sh serverside-applied
serviceaccount/keda-operator serverside-applied
role.rbac.authorization.k8s.io/keda-operator serverside-applied
clusterrole.rbac.authorization.k8s.io/keda-external-metrics-reader serverside-applied
clusterrole.rbac.authorization.k8s.io/keda-operator serverside-applied
rolebinding.rbac.authorization.k8s.io/keda-operator serverside-applied
rolebinding.rbac.authorization.k8s.io/keda-auth-reader serverside-applied
clusterrolebinding.rbac.authorization.k8s.io/keda-hpa-controller-external-metrics serverside-applied
clusterrolebinding.rbac.authorization.k8s.io/keda-operator serverside-applied
clusterrolebinding.rbac.authorization.k8s.io/keda-system-auth-delegator serverside-applied
service/keda-admission-webhooks serverside-applied
service/keda-metrics-apiserver serverside-applied
service/keda-operator serverside-applied
deployment.apps/keda-admission serverside-applied
deployment.apps/keda-metrics-apiserver serverside-applied
deployment.apps/keda-operator serverside-applied
apiservice.apiregistration.k8s.io/v1beta1.external.metrics.k8s.io serverside-applied
validatingwebhookconfiguration.admissionregistration.k8s.io/keda-admission serverside-applied
