Creating cluster "ai-hub-r2" ...
 • Ensuring node image (kindest/node:v1.32.2) 🖼  ...
 ✓ Ensuring node image (kindest/node:v1.32.2) 🖼
 • Preparing nodes 📦 📦 📦   ...
 ✓ Preparing nodes 📦 📦 📦 
 • Writing configuration 📜  ...
 ✓ Writing configuration 📜
 • Starting control-plane 🕹️  ...
 ✓ Starting control-plane 🕹️
 • Installing CNI 🔌  ...
 ✓ Installing CNI 🔌
 • Installing StorageClass 💾  ...
 ✓ Installing StorageClass 💾
 • Joining worker nodes 🚜  ...
 ✓ Joining worker nodes 🚜
 • Waiting ≤ 1m30s for control-plane = Ready ⏳  ...
 ✓ Waiting ≤ 1m30s for control-plane = Ready ⏳
 • Ready after 10s 💚
Set kubectl context to "kind-ai-hub-r2"
You can now use your cluster with:

kubectl cluster-info --context kind-ai-hub-r2 --kubeconfig /tmp/ai-hub-r2-tools/kubeconfig

Have a nice day! 👋
