go: downloading github.com/google/uuid v1.6.0
go: downloading github.com/lib/pq v1.12.3
go: downloading github.com/aws/aws-sdk-go-v2 v1.46.0
go: downloading github.com/aws/aws-sdk-go-v2/config v1.33.3
go: downloading github.com/aws/aws-sdk-go-v2/service/s3 v1.111.0
go: downloading github.com/aws/smithy-go v1.28.1
go: downloading github.com/redis/go-redis/v9 v9.7.0
go: downloading github.com/aws/aws-sdk-go-v2/credentials v1.20.3
go: downloading github.com/aws/aws-sdk-go-v2/service/sns v1.46.0
go: downloading github.com/aws/aws-sdk-go-v2/service/sqs v1.51.0
go: downloading github.com/aws/aws-sdk-go-v2/feature/ec2/imds v1.19.2
go: downloading github.com/aws/aws-sdk-go-v2/service/signin v1.9.0
go: downloading github.com/aws/aws-sdk-go-v2/service/sso v1.37.0
go: downloading github.com/aws/aws-sdk-go-v2/service/ssooidc v1.42.0
go: downloading github.com/aws/aws-sdk-go-v2/service/sts v1.49.0
go: downloading github.com/cespare/xxhash/v2 v2.2.0
go: downloading github.com/dgryski/go-rendezvous v0.0.0-20200823014737-9f7001d12a5f
go: downloading github.com/aws/aws-sdk-go-v2/internal/configsources v1.5.2
go: downloading github.com/aws/aws-sdk-go-v2/aws/protocol/eventstream v1.7.20
go: downloading github.com/aws/aws-sdk-go-v2/internal/v4a v1.5.2
go: downloading github.com/aws/aws-sdk-go-v2/service/internal/accept-encoding v1.13.19
go: downloading github.com/aws/aws-sdk-go-v2/service/internal/checksum v1.11.2
go: downloading github.com/aws/aws-sdk-go-v2/service/internal/presigned-url v1.14.2
go: downloading github.com/aws/aws-sdk-go-v2/service/internal/s3shared v1.20.2
go: downloading github.com/aws/aws-sdk-go-v2/internal/endpoints/v2 v2.8.2
