=== RUN   TestR4ContractAdversarial
=== RUN   TestR4ContractAdversarial/null_as_string
=== RUN   TestR4ContractAdversarial/quoted_integer
=== RUN   TestR4ContractAdversarial/root_null
=== RUN   TestR4ContractAdversarial/trailing_document
=== RUN   TestR4ContractAdversarial/ignored_minimum
--- PASS: TestR4ContractAdversarial (0.00s)
    --- PASS: TestR4ContractAdversarial/null_as_string (0.00s)
    --- PASS: TestR4ContractAdversarial/quoted_integer (0.00s)
    --- PASS: TestR4ContractAdversarial/root_null (0.00s)
    --- PASS: TestR4ContractAdversarial/trailing_document (0.00s)
    --- PASS: TestR4ContractAdversarial/ignored_minimum (0.00s)
=== RUN   TestR4PreviousFixes
--- PASS: TestR4PreviousFixes (0.00s)
PASS
ok  	ai-hub/hub/internal/atlas	0.027s
=== RUN   TestR4WarmTokenSurvivesVaultOutage
--- PASS: TestR4WarmTokenSurvivesVaultOutage (0.00s)
PASS
ok  	ai-hub/hub/internal/providerauth	0.029s
